Archive member included to satisfy reference by file (symbol)

D:/STM32CubeCLT_1.16.0/GNU-tools-for-STM32/bin/../lib/gcc/arm-none-eabi/12.3.1/../../../../arm-none-eabi/lib/thumb/v7e-m+fp/hard\libc.a(libc_a-exit.o)
                              D:/STM32CubeCLT_1.16.0/GNU-tools-for-STM32/bin/../lib/gcc/arm-none-eabi/12.3.1/../../../../arm-none-eabi/lib/thumb/v7e-m+fp/hard/crt0.o (exit)
D:/STM32CubeCLT_1.16.0/GNU-tools-for-STM32/bin/../lib/gcc/arm-none-eabi/12.3.1/../../../../arm-none-eabi/lib/thumb/v7e-m+fp/hard\libc.a(libc_a-findfp.o)
                              D:/STM32CubeCLT_1.16.0/GNU-tools-for-STM32/bin/../lib/gcc/arm-none-eabi/12.3.1/../../../../arm-none-eabi/lib/thumb/v7e-m+fp/hard\libc.a(libc_a-exit.o) (__stdio_exit_handler)
D:/STM32CubeCLT_1.16.0/GNU-tools-for-STM32/bin/../lib/gcc/arm-none-eabi/12.3.1/../../../../arm-none-eabi/lib/thumb/v7e-m+fp/hard\libc.a(libc_a-fwalk.o)
                              D:/STM32CubeCLT_1.16.0/GNU-tools-for-STM32/bin/../lib/gcc/arm-none-eabi/12.3.1/../../../../arm-none-eabi/lib/thumb/v7e-m+fp/hard\libc.a(libc_a-findfp.o) (_fwalk_sglue)
D:/STM32CubeCLT_1.16.0/GNU-tools-for-STM32/bin/../lib/gcc/arm-none-eabi/12.3.1/../../../../arm-none-eabi/lib/thumb/v7e-m+fp/hard\libc.a(libc_a-stdio.o)
                              D:/STM32CubeCLT_1.16.0/GNU-tools-for-STM32/bin/../lib/gcc/arm-none-eabi/12.3.1/../../../../arm-none-eabi/lib/thumb/v7e-m+fp/hard\libc.a(libc_a-findfp.o) (__sread)
D:/STM32CubeCLT_1.16.0/GNU-tools-for-STM32/bin/../lib/gcc/arm-none-eabi/12.3.1/../../../../arm-none-eabi/lib/thumb/v7e-m+fp/hard\libc.a(libc_a-memset.o)
                              D:/STM32CubeCLT_1.16.0/GNU-tools-for-STM32/bin/../lib/gcc/arm-none-eabi/12.3.1/../../../../arm-none-eabi/lib/thumb/v7e-m+fp/hard/crt0.o (memset)
D:/STM32CubeCLT_1.16.0/GNU-tools-for-STM32/bin/../lib/gcc/arm-none-eabi/12.3.1/../../../../arm-none-eabi/lib/thumb/v7e-m+fp/hard\libc.a(libc_a-closer.o)
                              D:/STM32CubeCLT_1.16.0/GNU-tools-for-STM32/bin/../lib/gcc/arm-none-eabi/12.3.1/../../../../arm-none-eabi/lib/thumb/v7e-m+fp/hard\libc.a(libc_a-stdio.o) (_close_r)
D:/STM32CubeCLT_1.16.0/GNU-tools-for-STM32/bin/../lib/gcc/arm-none-eabi/12.3.1/../../../../arm-none-eabi/lib/thumb/v7e-m+fp/hard\libc.a(libc_a-reent.o)
                              D:/STM32CubeCLT_1.16.0/GNU-tools-for-STM32/bin/../lib/gcc/arm-none-eabi/12.3.1/../../../../arm-none-eabi/lib/thumb/v7e-m+fp/hard\libc.a(libc_a-closer.o) (errno)
D:/STM32CubeCLT_1.16.0/GNU-tools-for-STM32/bin/../lib/gcc/arm-none-eabi/12.3.1/../../../../arm-none-eabi/lib/thumb/v7e-m+fp/hard\libc.a(libc_a-impure.o)
                              D:/STM32CubeCLT_1.16.0/GNU-tools-for-STM32/bin/../lib/gcc/arm-none-eabi/12.3.1/../../../../arm-none-eabi/lib/thumb/v7e-m+fp/hard\libc.a(libc_a-reent.o) (_impure_ptr)
D:/STM32CubeCLT_1.16.0/GNU-tools-for-STM32/bin/../lib/gcc/arm-none-eabi/12.3.1/../../../../arm-none-eabi/lib/thumb/v7e-m+fp/hard\libc.a(libc_a-lseekr.o)
                              D:/STM32CubeCLT_1.16.0/GNU-tools-for-STM32/bin/../lib/gcc/arm-none-eabi/12.3.1/../../../../arm-none-eabi/lib/thumb/v7e-m+fp/hard\libc.a(libc_a-stdio.o) (_lseek_r)
D:/STM32CubeCLT_1.16.0/GNU-tools-for-STM32/bin/../lib/gcc/arm-none-eabi/12.3.1/../../../../arm-none-eabi/lib/thumb/v7e-m+fp/hard\libc.a(libc_a-readr.o)
                              D:/STM32CubeCLT_1.16.0/GNU-tools-for-STM32/bin/../lib/gcc/arm-none-eabi/12.3.1/../../../../arm-none-eabi/lib/thumb/v7e-m+fp/hard\libc.a(libc_a-stdio.o) (_read_r)
D:/STM32CubeCLT_1.16.0/GNU-tools-for-STM32/bin/../lib/gcc/arm-none-eabi/12.3.1/../../../../arm-none-eabi/lib/thumb/v7e-m+fp/hard\libc.a(libc_a-writer.o)
                              D:/STM32CubeCLT_1.16.0/GNU-tools-for-STM32/bin/../lib/gcc/arm-none-eabi/12.3.1/../../../../arm-none-eabi/lib/thumb/v7e-m+fp/hard\libc.a(libc_a-stdio.o) (_write_r)
D:/STM32CubeCLT_1.16.0/GNU-tools-for-STM32/bin/../lib/gcc/arm-none-eabi/12.3.1/../../../../arm-none-eabi/lib/thumb/v7e-m+fp/hard\libc.a(libc_a-init.o)
                              D:/STM32CubeCLT_1.16.0/GNU-tools-for-STM32/bin/../lib/gcc/arm-none-eabi/12.3.1/../../../../arm-none-eabi/lib/thumb/v7e-m+fp/hard/crt0.o (__libc_init_array)
D:/STM32CubeCLT_1.16.0/GNU-tools-for-STM32/bin/../lib/gcc/arm-none-eabi/12.3.1/../../../../arm-none-eabi/lib/thumb/v7e-m+fp/hard\libc.a(libc_a-lock.o)
                              D:/STM32CubeCLT_1.16.0/GNU-tools-for-STM32/bin/../lib/gcc/arm-none-eabi/12.3.1/../../../../arm-none-eabi/lib/thumb/v7e-m+fp/hard\libc.a(libc_a-findfp.o) (__retarget_lock_init_recursive)
D:/STM32CubeCLT_1.16.0/GNU-tools-for-STM32/bin/../lib/gcc/arm-none-eabi/12.3.1/../../../../arm-none-eabi/lib/thumb/v7e-m+fp/hard\libc.a(libc_a-__call_atexit.o)
                              D:/STM32CubeCLT_1.16.0/GNU-tools-for-STM32/bin/../lib/gcc/arm-none-eabi/12.3.1/../../../../arm-none-eabi/lib/thumb/v7e-m+fp/hard\libc.a(libc_a-exit.o) (__call_exitprocs)
D:/STM32CubeCLT_1.16.0/GNU-tools-for-STM32/bin/../lib/gcc/arm-none-eabi/12.3.1/../../../../arm-none-eabi/lib/thumb/v7e-m+fp/hard\libc.a(libc_a-atexit.o)
                              D:/STM32CubeCLT_1.16.0/GNU-tools-for-STM32/bin/../lib/gcc/arm-none-eabi/12.3.1/../../../../arm-none-eabi/lib/thumb/v7e-m+fp/hard\libc.a(libc_a-__call_atexit.o) (atexit)
D:/STM32CubeCLT_1.16.0/GNU-tools-for-STM32/bin/../lib/gcc/arm-none-eabi/12.3.1/../../../../arm-none-eabi/lib/thumb/v7e-m+fp/hard\libc.a(libc_a-freer.o)
                              D:/STM32CubeCLT_1.16.0/GNU-tools-for-STM32/bin/../lib/gcc/arm-none-eabi/12.3.1/../../../../arm-none-eabi/lib/thumb/v7e-m+fp/hard\libc.a(libc_a-reent.o) (_free_r)
D:/STM32CubeCLT_1.16.0/GNU-tools-for-STM32/bin/../lib/gcc/arm-none-eabi/12.3.1/../../../../arm-none-eabi/lib/thumb/v7e-m+fp/hard\libc.a(libc_a-mallocr.o)
                              D:/STM32CubeCLT_1.16.0/GNU-tools-for-STM32/bin/../lib/gcc/arm-none-eabi/12.3.1/../../../../arm-none-eabi/lib/thumb/v7e-m+fp/hard\libc.a(libc_a-findfp.o) (_malloc_r)
D:/STM32CubeCLT_1.16.0/GNU-tools-for-STM32/bin/../lib/gcc/arm-none-eabi/12.3.1/../../../../arm-none-eabi/lib/thumb/v7e-m+fp/hard\libc.a(libc_a-mlock.o)
                              D:/STM32CubeCLT_1.16.0/GNU-tools-for-STM32/bin/../lib/gcc/arm-none-eabi/12.3.1/../../../../arm-none-eabi/lib/thumb/v7e-m+fp/hard\libc.a(libc_a-freer.o) (__malloc_lock)
D:/STM32CubeCLT_1.16.0/GNU-tools-for-STM32/bin/../lib/gcc/arm-none-eabi/12.3.1/../../../../arm-none-eabi/lib/thumb/v7e-m+fp/hard\libc.a(libc_a-fclose.o)
                              D:/STM32CubeCLT_1.16.0/GNU-tools-for-STM32/bin/../lib/gcc/arm-none-eabi/12.3.1/../../../../arm-none-eabi/lib/thumb/v7e-m+fp/hard\libc.a(libc_a-findfp.o) (_fclose_r)
D:/STM32CubeCLT_1.16.0/GNU-tools-for-STM32/bin/../lib/gcc/arm-none-eabi/12.3.1/../../../../arm-none-eabi/lib/thumb/v7e-m+fp/hard\libc.a(libc_a-fflush.o)
                              D:/STM32CubeCLT_1.16.0/GNU-tools-for-STM32/bin/../lib/gcc/arm-none-eabi/12.3.1/../../../../arm-none-eabi/lib/thumb/v7e-m+fp/hard\libc.a(libc_a-fclose.o) (__sflush_r)
D:/STM32CubeCLT_1.16.0/GNU-tools-for-STM32/bin/../lib/gcc/arm-none-eabi/12.3.1/../../../../arm-none-eabi/lib/thumb/v7e-m+fp/hard\libc.a(libc_a-sbrkr.o)
                              D:/STM32CubeCLT_1.16.0/GNU-tools-for-STM32/bin/../lib/gcc/arm-none-eabi/12.3.1/../../../../arm-none-eabi/lib/thumb/v7e-m+fp/hard\libc.a(libc_a-freer.o) (_sbrk_r)
D:/STM32CubeCLT_1.16.0/GNU-tools-for-STM32/bin/../lib/gcc/arm-none-eabi/12.3.1/../../../../arm-none-eabi/lib/thumb/v7e-m+fp/hard\libc.a(libc_a-fini.o)
                              D:/STM32CubeCLT_1.16.0/GNU-tools-for-STM32/bin/../lib/gcc/arm-none-eabi/12.3.1/../../../../arm-none-eabi/lib/thumb/v7e-m+fp/hard\libc.a(libc_a-__call_atexit.o) (__libc_fini_array)
D:/STM32CubeCLT_1.16.0/GNU-tools-for-STM32/bin/../lib/gcc/arm-none-eabi/12.3.1/../../../../arm-none-eabi/lib/thumb/v7e-m+fp/hard\libc.a(libc_a-sysconf.o)
                              D:/STM32CubeCLT_1.16.0/GNU-tools-for-STM32/bin/../lib/gcc/arm-none-eabi/12.3.1/../../../../arm-none-eabi/lib/thumb/v7e-m+fp/hard\libc.a(libc_a-freer.o) (sysconf)
D:/STM32CubeCLT_1.16.0/GNU-tools-for-STM32/bin/../lib/gcc/arm-none-eabi/12.3.1/../../../../arm-none-eabi/lib/thumb/v7e-m+fp/hard\libc.a(libc_a-__atexit.o)
                              D:/STM32CubeCLT_1.16.0/GNU-tools-for-STM32/bin/../lib/gcc/arm-none-eabi/12.3.1/../../../../arm-none-eabi/lib/thumb/v7e-m+fp/hard\libc.a(libc_a-atexit.o) (__register_exitproc)
D:/STM32CubeCLT_1.16.0/GNU-tools-for-STM32/bin/../lib/gcc/arm-none-eabi/12.3.1/../../../../arm-none-eabi/lib/thumb/v7e-m+fp/hard\libc.a(libc_a-errno.o)
                              D:/STM32CubeCLT_1.16.0/GNU-tools-for-STM32/bin/../lib/gcc/arm-none-eabi/12.3.1/../../../../arm-none-eabi/lib/thumb/v7e-m+fp/hard\libc.a(libc_a-sysconf.o) (__errno)

Discarded input sections

 .text          0x00000000        0x0 D:/STM32CubeCLT_1.16.0/GNU-tools-for-STM32/bin/../lib/gcc/arm-none-eabi/12.3.1/thumb/v7e-m+fp/hard/crti.o
 .data          0x00000000        0x0 D:/STM32CubeCLT_1.16.0/GNU-tools-for-STM32/bin/../lib/gcc/arm-none-eabi/12.3.1/thumb/v7e-m+fp/hard/crti.o
 .bss           0x00000000        0x0 D:/STM32CubeCLT_1.16.0/GNU-tools-for-STM32/bin/../lib/gcc/arm-none-eabi/12.3.1/thumb/v7e-m+fp/hard/crti.o
 .data          0x00000000        0x4 D:/STM32CubeCLT_1.16.0/GNU-tools-for-STM32/bin/../lib/gcc/arm-none-eabi/12.3.1/thumb/v7e-m+fp/hard/crtbegin.o
 .rodata        0x00000000       0x24 D:/STM32CubeCLT_1.16.0/GNU-tools-for-STM32/bin/../lib/gcc/arm-none-eabi/12.3.1/thumb/v7e-m+fp/hard/crtbegin.o
 .text          0x00000000       0x7c D:/STM32CubeCLT_1.16.0/GNU-tools-for-STM32/bin/../lib/gcc/arm-none-eabi/12.3.1/../../../../arm-none-eabi/lib/thumb/v7e-m+fp/hard/crt0.o
 .data          0x00000000        0x0 D:/STM32CubeCLT_1.16.0/GNU-tools-for-STM32/bin/../lib/gcc/arm-none-eabi/12.3.1/../../../../arm-none-eabi/lib/thumb/v7e-m+fp/hard/crt0.o
 .bss           0x00000000        0x0 D:/STM32CubeCLT_1.16.0/GNU-tools-for-STM32/bin/../lib/gcc/arm-none-eabi/12.3.1/../../../../arm-none-eabi/lib/thumb/v7e-m+fp/hard/crt0.o
 .ARM.extab     0x00000000        0x0 D:/STM32CubeCLT_1.16.0/GNU-tools-for-STM32/bin/../lib/gcc/arm-none-eabi/12.3.1/../../../../arm-none-eabi/lib/thumb/v7e-m+fp/hard/crt0.o
 .ARM.exidx     0x00000000       0x10 D:/STM32CubeCLT_1.16.0/GNU-tools-for-STM32/bin/../lib/gcc/arm-none-eabi/12.3.1/../../../../arm-none-eabi/lib/thumb/v7e-m+fp/hard/crt0.o
 .ARM.attributes
                0x00000000       0x20 D:/STM32CubeCLT_1.16.0/GNU-tools-for-STM32/bin/../lib/gcc/arm-none-eabi/12.3.1/../../../../arm-none-eabi/lib/thumb/v7e-m+fp/hard/crt0.o
 .text          0x00000000        0x0 D:/STM32CubeCLT_1.16.0/GNU-tools-for-STM32/bin/../lib/gcc/arm-none-eabi/12.3.1/../../../../arm-none-eabi/lib/thumb/v7e-m+fp/hard\libc.a(libc_a-exit.o)
 .data          0x00000000        0x0 D:/STM32CubeCLT_1.16.0/GNU-tools-for-STM32/bin/../lib/gcc/arm-none-eabi/12.3.1/../../../../arm-none-eabi/lib/thumb/v7e-m+fp/hard\libc.a(libc_a-exit.o)
 .bss           0x00000000        0x0 D:/STM32CubeCLT_1.16.0/GNU-tools-for-STM32/bin/../lib/gcc/arm-none-eabi/12.3.1/../../../../arm-none-eabi/lib/thumb/v7e-m+fp/hard\libc.a(libc_a-exit.o)
 .text.exit     0x00000000       0x1c D:/STM32CubeCLT_1.16.0/GNU-tools-for-STM32/bin/../lib/gcc/arm-none-eabi/12.3.1/../../../../arm-none-eabi/lib/thumb/v7e-m+fp/hard\libc.a(libc_a-exit.o)
 .debug_frame   0x00000000       0x28 D:/STM32CubeCLT_1.16.0/GNU-tools-for-STM32/bin/../lib/gcc/arm-none-eabi/12.3.1/../../../../arm-none-eabi/lib/thumb/v7e-m+fp/hard\libc.a(libc_a-exit.o)
 .ARM.attributes
                0x00000000       0x34 D:/STM32CubeCLT_1.16.0/GNU-tools-for-STM32/bin/../lib/gcc/arm-none-eabi/12.3.1/../../../../arm-none-eabi/lib/thumb/v7e-m+fp/hard\libc.a(libc_a-exit.o)
 .text          0x00000000        0x0 D:/STM32CubeCLT_1.16.0/GNU-tools-for-STM32/bin/../lib/gcc/arm-none-eabi/12.3.1/../../../../arm-none-eabi/lib/thumb/v7e-m+fp/hard\libc.a(libc_a-findfp.o)
 .data          0x00000000        0x0 D:/STM32CubeCLT_1.16.0/GNU-tools-for-STM32/bin/../lib/gcc/arm-none-eabi/12.3.1/../../../../arm-none-eabi/lib/thumb/v7e-m+fp/hard\libc.a(libc_a-findfp.o)
 .bss           0x00000000        0x0 D:/STM32CubeCLT_1.16.0/GNU-tools-for-STM32/bin/../lib/gcc/arm-none-eabi/12.3.1/../../../../arm-none-eabi/lib/thumb/v7e-m+fp/hard\libc.a(libc_a-findfp.o)
 .text.std      0x00000000       0x6c D:/STM32CubeCLT_1.16.0/GNU-tools-for-STM32/bin/../lib/gcc/arm-none-eabi/12.3.1/../../../../arm-none-eabi/lib/thumb/v7e-m+fp/hard\libc.a(libc_a-findfp.o)
 .text.stdio_exit_handler
                0x00000000       0x18 D:/STM32CubeCLT_1.16.0/GNU-tools-for-STM32/bin/../lib/gcc/arm-none-eabi/12.3.1/../../../../arm-none-eabi/lib/thumb/v7e-m+fp/hard\libc.a(libc_a-findfp.o)
 .text.cleanup_stdio
                0x00000000       0x40 D:/STM32CubeCLT_1.16.0/GNU-tools-for-STM32/bin/../lib/gcc/arm-none-eabi/12.3.1/../../../../arm-none-eabi/lib/thumb/v7e-m+fp/hard\libc.a(libc_a-findfp.o)
 .text.__fp_lock
                0x00000000       0x18 D:/STM32CubeCLT_1.16.0/GNU-tools-for-STM32/bin/../lib/gcc/arm-none-eabi/12.3.1/../../../../arm-none-eabi/lib/thumb/v7e-m+fp/hard\libc.a(libc_a-findfp.o)
 .text.__fp_unlock
                0x00000000       0x18 D:/STM32CubeCLT_1.16.0/GNU-tools-for-STM32/bin/../lib/gcc/arm-none-eabi/12.3.1/../../../../arm-none-eabi/lib/thumb/v7e-m+fp/hard\libc.a(libc_a-findfp.o)
 .text.global_stdio_init.part.0
                0x00000000       0x3c D:/STM32CubeCLT_1.16.0/GNU-tools-for-STM32/bin/../lib/gcc/arm-none-eabi/12.3.1/../../../../arm-none-eabi/lib/thumb/v7e-m+fp/hard\libc.a(libc_a-findfp.o)
 .text.__sfp_lock_acquire
                0x00000000        0xc D:/STM32CubeCLT_1.16.0/GNU-tools-for-STM32/bin/../lib/gcc/arm-none-eabi/12.3.1/../../../../arm-none-eabi/lib/thumb/v7e-m+fp/hard\libc.a(libc_a-findfp.o)
 .text.__sfp_lock_release
                0x00000000        0xc D:/STM32CubeCLT_1.16.0/GNU-tools-for-STM32/bin/../lib/gcc/arm-none-eabi/12.3.1/../../../../arm-none-eabi/lib/thumb/v7e-m+fp/hard\libc.a(libc_a-findfp.o)
 .text.__sfp    0x00000000       0xa4 D:/STM32CubeCLT_1.16.0/GNU-tools-for-STM32/bin/../lib/gcc/arm-none-eabi/12.3.1/../../../../arm-none-eabi/lib/thumb/v7e-m+fp/hard\libc.a(libc_a-findfp.o)
 .text.__sinit  0x00000000       0x30 D:/STM32CubeCLT_1.16.0/GNU-tools-for-STM32/bin/../lib/gcc/arm-none-eabi/12.3.1/../../../../arm-none-eabi/lib/thumb/v7e-m+fp/hard\libc.a(libc_a-findfp.o)
 .text.__fp_lock_all
                0x00000000       0x1c D:/STM32CubeCLT_1.16.0/GNU-tools-for-STM32/bin/../lib/gcc/arm-none-eabi/12.3.1/../../../../arm-none-eabi/lib/thumb/v7e-m+fp/hard\libc.a(libc_a-findfp.o)
 .text.__fp_unlock_all
                0x00000000       0x1c D:/STM32CubeCLT_1.16.0/GNU-tools-for-STM32/bin/../lib/gcc/arm-none-eabi/12.3.1/../../../../arm-none-eabi/lib/thumb/v7e-m+fp/hard\libc.a(libc_a-findfp.o)
 .data.__sglue  0x00000000        0xc D:/STM32CubeCLT_1.16.0/GNU-tools-for-STM32/bin/../lib/gcc/arm-none-eabi/12.3.1/../../../../arm-none-eabi/lib/thumb/v7e-m+fp/hard\libc.a(libc_a-findfp.o)
 .bss.__sf      0x00000000      0x138 D:/STM32CubeCLT_1.16.0/GNU-tools-for-STM32/bin/../lib/gcc/arm-none-eabi/12.3.1/../../../../arm-none-eabi/lib/thumb/v7e-m+fp/hard\libc.a(libc_a-findfp.o)
 .bss.__stdio_exit_handler
                0x00000000        0x4 D:/STM32CubeCLT_1.16.0/GNU-tools-for-STM32/bin/../lib/gcc/arm-none-eabi/12.3.1/../../../../arm-none-eabi/lib/thumb/v7e-m+fp/hard\libc.a(libc_a-findfp.o)
 .debug_frame   0x00000000      0x144 D:/STM32CubeCLT_1.16.0/GNU-tools-for-STM32/bin/../lib/gcc/arm-none-eabi/12.3.1/../../../../arm-none-eabi/lib/thumb/v7e-m+fp/hard\libc.a(libc_a-findfp.o)
 .ARM.attributes
                0x00000000       0x34 D:/STM32CubeCLT_1.16.0/GNU-tools-for-STM32/bin/../lib/gcc/arm-none-eabi/12.3.1/../../../../arm-none-eabi/lib/thumb/v7e-m+fp/hard\libc.a(libc_a-findfp.o)
 .text          0x00000000        0x0 D:/STM32CubeCLT_1.16.0/GNU-tools-for-STM32/bin/../lib/gcc/arm-none-eabi/12.3.1/../../../../arm-none-eabi/lib/thumb/v7e-m+fp/hard\libc.a(libc_a-fwalk.o)
 .data          0x00000000        0x0 D:/STM32CubeCLT_1.16.0/GNU-tools-for-STM32/bin/../lib/gcc/arm-none-eabi/12.3.1/../../../../arm-none-eabi/lib/thumb/v7e-m+fp/hard\libc.a(libc_a-fwalk.o)
 .bss           0x00000000        0x0 D:/STM32CubeCLT_1.16.0/GNU-tools-for-STM32/bin/../lib/gcc/arm-none-eabi/12.3.1/../../../../arm-none-eabi/lib/thumb/v7e-m+fp/hard\libc.a(libc_a-fwalk.o)
 .text._fwalk_sglue
                0x00000000       0x3c D:/STM32CubeCLT_1.16.0/GNU-tools-for-STM32/bin/../lib/gcc/arm-none-eabi/12.3.1/../../../../arm-none-eabi/lib/thumb/v7e-m+fp/hard\libc.a(libc_a-fwalk.o)
 .debug_frame   0x00000000       0x34 D:/STM32CubeCLT_1.16.0/GNU-tools-for-STM32/bin/../lib/gcc/arm-none-eabi/12.3.1/../../../../arm-none-eabi/lib/thumb/v7e-m+fp/hard\libc.a(libc_a-fwalk.o)
 .ARM.attributes
                0x00000000       0x34 D:/STM32CubeCLT_1.16.0/GNU-tools-for-STM32/bin/../lib/gcc/arm-none-eabi/12.3.1/../../../../arm-none-eabi/lib/thumb/v7e-m+fp/hard\libc.a(libc_a-fwalk.o)
 .text          0x00000000        0x0 D:/STM32CubeCLT_1.16.0/GNU-tools-for-STM32/bin/../lib/gcc/arm-none-eabi/12.3.1/../../../../arm-none-eabi/lib/thumb/v7e-m+fp/hard\libc.a(libc_a-stdio.o)
 .data          0x00000000        0x0 D:/STM32CubeCLT_1.16.0/GNU-tools-for-STM32/bin/../lib/gcc/arm-none-eabi/12.3.1/../../../../arm-none-eabi/lib/thumb/v7e-m+fp/hard\libc.a(libc_a-stdio.o)
 .bss           0x00000000        0x0 D:/STM32CubeCLT_1.16.0/GNU-tools-for-STM32/bin/../lib/gcc/arm-none-eabi/12.3.1/../../../../arm-none-eabi/lib/thumb/v7e-m+fp/hard\libc.a(libc_a-stdio.o)
 .text.__sread  0x00000000       0x22 D:/STM32CubeCLT_1.16.0/GNU-tools-for-STM32/bin/../lib/gcc/arm-none-eabi/12.3.1/../../../../arm-none-eabi/lib/thumb/v7e-m+fp/hard\libc.a(libc_a-stdio.o)
 .text.__seofread
                0x00000000        0x4 D:/STM32CubeCLT_1.16.0/GNU-tools-for-STM32/bin/../lib/gcc/arm-none-eabi/12.3.1/../../../../arm-none-eabi/lib/thumb/v7e-m+fp/hard\libc.a(libc_a-stdio.o)
 .text.__swrite
                0x00000000       0x38 D:/STM32CubeCLT_1.16.0/GNU-tools-for-STM32/bin/../lib/gcc/arm-none-eabi/12.3.1/../../../../arm-none-eabi/lib/thumb/v7e-m+fp/hard\libc.a(libc_a-stdio.o)
 .text.__sseek  0x00000000       0x24 D:/STM32CubeCLT_1.16.0/GNU-tools-for-STM32/bin/../lib/gcc/arm-none-eabi/12.3.1/../../../../arm-none-eabi/lib/thumb/v7e-m+fp/hard\libc.a(libc_a-stdio.o)
 .text.__sclose
                0x00000000        0x8 D:/STM32CubeCLT_1.16.0/GNU-tools-for-STM32/bin/../lib/gcc/arm-none-eabi/12.3.1/../../../../arm-none-eabi/lib/thumb/v7e-m+fp/hard\libc.a(libc_a-stdio.o)
 .debug_frame   0x00000000       0x88 D:/STM32CubeCLT_1.16.0/GNU-tools-for-STM32/bin/../lib/gcc/arm-none-eabi/12.3.1/../../../../arm-none-eabi/lib/thumb/v7e-m+fp/hard\libc.a(libc_a-stdio.o)
 .ARM.attributes
                0x00000000       0x34 D:/STM32CubeCLT_1.16.0/GNU-tools-for-STM32/bin/../lib/gcc/arm-none-eabi/12.3.1/../../../../arm-none-eabi/lib/thumb/v7e-m+fp/hard\libc.a(libc_a-stdio.o)
 .text          0x00000000        0x0 D:/STM32CubeCLT_1.16.0/GNU-tools-for-STM32/bin/../lib/gcc/arm-none-eabi/12.3.1/../../../../arm-none-eabi/lib/thumb/v7e-m+fp/hard\libc.a(libc_a-memset.o)
 .data          0x00000000        0x0 D:/STM32CubeCLT_1.16.0/GNU-tools-for-STM32/bin/../lib/gcc/arm-none-eabi/12.3.1/../../../../arm-none-eabi/lib/thumb/v7e-m+fp/hard\libc.a(libc_a-memset.o)
 .bss           0x00000000        0x0 D:/STM32CubeCLT_1.16.0/GNU-tools-for-STM32/bin/../lib/gcc/arm-none-eabi/12.3.1/../../../../arm-none-eabi/lib/thumb/v7e-m+fp/hard\libc.a(libc_a-memset.o)
 .text.memset   0x00000000       0x10 D:/STM32CubeCLT_1.16.0/GNU-tools-for-STM32/bin/../lib/gcc/arm-none-eabi/12.3.1/../../../../arm-none-eabi/lib/thumb/v7e-m+fp/hard\libc.a(libc_a-memset.o)
 .debug_frame   0x00000000       0x20 D:/STM32CubeCLT_1.16.0/GNU-tools-for-STM32/bin/../lib/gcc/arm-none-eabi/12.3.1/../../../../arm-none-eabi/lib/thumb/v7e-m+fp/hard\libc.a(libc_a-memset.o)
 .ARM.attributes
                0x00000000       0x34 D:/STM32CubeCLT_1.16.0/GNU-tools-for-STM32/bin/../lib/gcc/arm-none-eabi/12.3.1/../../../../arm-none-eabi/lib/thumb/v7e-m+fp/hard\libc.a(libc_a-memset.o)
 .text          0x00000000        0x0 D:/STM32CubeCLT_1.16.0/GNU-tools-for-STM32/bin/../lib/gcc/arm-none-eabi/12.3.1/../../../../arm-none-eabi/lib/thumb/v7e-m+fp/hard\libc.a(libc_a-closer.o)
 .data          0x00000000        0x0 D:/STM32CubeCLT_1.16.0/GNU-tools-for-STM32/bin/../lib/gcc/arm-none-eabi/12.3.1/../../../../arm-none-eabi/lib/thumb/v7e-m+fp/hard\libc.a(libc_a-closer.o)
 .bss           0x00000000        0x0 D:/STM32CubeCLT_1.16.0/GNU-tools-for-STM32/bin/../lib/gcc/arm-none-eabi/12.3.1/../../../../arm-none-eabi/lib/thumb/v7e-m+fp/hard\libc.a(libc_a-closer.o)
 .text._close_r
                0x00000000       0x20 D:/STM32CubeCLT_1.16.0/GNU-tools-for-STM32/bin/../lib/gcc/arm-none-eabi/12.3.1/../../../../arm-none-eabi/lib/thumb/v7e-m+fp/hard\libc.a(libc_a-closer.o)
 .debug_frame   0x00000000       0x2c D:/STM32CubeCLT_1.16.0/GNU-tools-for-STM32/bin/../lib/gcc/arm-none-eabi/12.3.1/../../../../arm-none-eabi/lib/thumb/v7e-m+fp/hard\libc.a(libc_a-closer.o)
 .ARM.attributes
                0x00000000       0x34 D:/STM32CubeCLT_1.16.0/GNU-tools-for-STM32/bin/../lib/gcc/arm-none-eabi/12.3.1/../../../../arm-none-eabi/lib/thumb/v7e-m+fp/hard\libc.a(libc_a-closer.o)
 .text          0x00000000        0x0 D:/STM32CubeCLT_1.16.0/GNU-tools-for-STM32/bin/../lib/gcc/arm-none-eabi/12.3.1/../../../../arm-none-eabi/lib/thumb/v7e-m+fp/hard\libc.a(libc_a-reent.o)
 .data          0x00000000        0x0 D:/STM32CubeCLT_1.16.0/GNU-tools-for-STM32/bin/../lib/gcc/arm-none-eabi/12.3.1/../../../../arm-none-eabi/lib/thumb/v7e-m+fp/hard\libc.a(libc_a-reent.o)
 .bss           0x00000000        0x0 D:/STM32CubeCLT_1.16.0/GNU-tools-for-STM32/bin/../lib/gcc/arm-none-eabi/12.3.1/../../../../arm-none-eabi/lib/thumb/v7e-m+fp/hard\libc.a(libc_a-reent.o)
 .text._reclaim_reent
                0x00000000       0x58 D:/STM32CubeCLT_1.16.0/GNU-tools-for-STM32/bin/../lib/gcc/arm-none-eabi/12.3.1/../../../../arm-none-eabi/lib/thumb/v7e-m+fp/hard\libc.a(libc_a-reent.o)
 .bss.errno     0x00000000        0x4 D:/STM32CubeCLT_1.16.0/GNU-tools-for-STM32/bin/../lib/gcc/arm-none-eabi/12.3.1/../../../../arm-none-eabi/lib/thumb/v7e-m+fp/hard\libc.a(libc_a-reent.o)
 .debug_frame   0x00000000       0x38 D:/STM32CubeCLT_1.16.0/GNU-tools-for-STM32/bin/../lib/gcc/arm-none-eabi/12.3.1/../../../../arm-none-eabi/lib/thumb/v7e-m+fp/hard\libc.a(libc_a-reent.o)
 .ARM.attributes
                0x00000000       0x34 D:/STM32CubeCLT_1.16.0/GNU-tools-for-STM32/bin/../lib/gcc/arm-none-eabi/12.3.1/../../../../arm-none-eabi/lib/thumb/v7e-m+fp/hard\libc.a(libc_a-reent.o)
 .text          0x00000000        0x0 D:/STM32CubeCLT_1.16.0/GNU-tools-for-STM32/bin/../lib/gcc/arm-none-eabi/12.3.1/../../../../arm-none-eabi/lib/thumb/v7e-m+fp/hard\libc.a(libc_a-impure.o)
 .data          0x00000000        0x0 D:/STM32CubeCLT_1.16.0/GNU-tools-for-STM32/bin/../lib/gcc/arm-none-eabi/12.3.1/../../../../arm-none-eabi/lib/thumb/v7e-m+fp/hard\libc.a(libc_a-impure.o)
 .bss           0x00000000        0x0 D:/STM32CubeCLT_1.16.0/GNU-tools-for-STM32/bin/../lib/gcc/arm-none-eabi/12.3.1/../../../../arm-none-eabi/lib/thumb/v7e-m+fp/hard\libc.a(libc_a-impure.o)
 .data._impure_ptr
                0x00000000        0x4 D:/STM32CubeCLT_1.16.0/GNU-tools-for-STM32/bin/../lib/gcc/arm-none-eabi/12.3.1/../../../../arm-none-eabi/lib/thumb/v7e-m+fp/hard\libc.a(libc_a-impure.o)
 .data._impure_data
                0x00000000      0x120 D:/STM32CubeCLT_1.16.0/GNU-tools-for-STM32/bin/../lib/gcc/arm-none-eabi/12.3.1/../../../../arm-none-eabi/lib/thumb/v7e-m+fp/hard\libc.a(libc_a-impure.o)
 .ARM.attributes
                0x00000000       0x34 D:/STM32CubeCLT_1.16.0/GNU-tools-for-STM32/bin/../lib/gcc/arm-none-eabi/12.3.1/../../../../arm-none-eabi/lib/thumb/v7e-m+fp/hard\libc.a(libc_a-impure.o)
 .text          0x00000000        0x0 D:/STM32CubeCLT_1.16.0/GNU-tools-for-STM32/bin/../lib/gcc/arm-none-eabi/12.3.1/../../../../arm-none-eabi/lib/thumb/v7e-m+fp/hard\libc.a(libc_a-lseekr.o)
 .data          0x00000000        0x0 D:/STM32CubeCLT_1.16.0/GNU-tools-for-STM32/bin/../lib/gcc/arm-none-eabi/12.3.1/../../../../arm-none-eabi/lib/thumb/v7e-m+fp/hard\libc.a(libc_a-lseekr.o)
 .bss           0x00000000        0x0 D:/STM32CubeCLT_1.16.0/GNU-tools-for-STM32/bin/../lib/gcc/arm-none-eabi/12.3.1/../../../../arm-none-eabi/lib/thumb/v7e-m+fp/hard\libc.a(libc_a-lseekr.o)
 .text._lseek_r
                0x00000000       0x24 D:/STM32CubeCLT_1.16.0/GNU-tools-for-STM32/bin/../lib/gcc/arm-none-eabi/12.3.1/../../../../arm-none-eabi/lib/thumb/v7e-m+fp/hard\libc.a(libc_a-lseekr.o)
 .debug_frame   0x00000000       0x2c D:/STM32CubeCLT_1.16.0/GNU-tools-for-STM32/bin/../lib/gcc/arm-none-eabi/12.3.1/../../../../arm-none-eabi/lib/thumb/v7e-m+fp/hard\libc.a(libc_a-lseekr.o)
 .ARM.attributes
                0x00000000       0x34 D:/STM32CubeCLT_1.16.0/GNU-tools-for-STM32/bin/../lib/gcc/arm-none-eabi/12.3.1/../../../../arm-none-eabi/lib/thumb/v7e-m+fp/hard\libc.a(libc_a-lseekr.o)
 .text          0x00000000        0x0 D:/STM32CubeCLT_1.16.0/GNU-tools-for-STM32/bin/../lib/gcc/arm-none-eabi/12.3.1/../../../../arm-none-eabi/lib/thumb/v7e-m+fp/hard\libc.a(libc_a-readr.o)
 .data          0x00000000        0x0 D:/STM32CubeCLT_1.16.0/GNU-tools-for-STM32/bin/../lib/gcc/arm-none-eabi/12.3.1/../../../../arm-none-eabi/lib/thumb/v7e-m+fp/hard\libc.a(libc_a-readr.o)
 .bss           0x00000000        0x0 D:/STM32CubeCLT_1.16.0/GNU-tools-for-STM32/bin/../lib/gcc/arm-none-eabi/12.3.1/../../../../arm-none-eabi/lib/thumb/v7e-m+fp/hard\libc.a(libc_a-readr.o)
 .text._read_r  0x00000000       0x24 D:/STM32CubeCLT_1.16.0/GNU-tools-for-STM32/bin/../lib/gcc/arm-none-eabi/12.3.1/../../../../arm-none-eabi/lib/thumb/v7e-m+fp/hard\libc.a(libc_a-readr.o)
 .debug_frame   0x00000000       0x2c D:/STM32CubeCLT_1.16.0/GNU-tools-for-STM32/bin/../lib/gcc/arm-none-eabi/12.3.1/../../../../arm-none-eabi/lib/thumb/v7e-m+fp/hard\libc.a(libc_a-readr.o)
 .ARM.attributes
                0x00000000       0x34 D:/STM32CubeCLT_1.16.0/GNU-tools-for-STM32/bin/../lib/gcc/arm-none-eabi/12.3.1/../../../../arm-none-eabi/lib/thumb/v7e-m+fp/hard\libc.a(libc_a-readr.o)
 .text          0x00000000        0x0 D:/STM32CubeCLT_1.16.0/GNU-tools-for-STM32/bin/../lib/gcc/arm-none-eabi/12.3.1/../../../../arm-none-eabi/lib/thumb/v7e-m+fp/hard\libc.a(libc_a-writer.o)
 .data          0x00000000        0x0 D:/STM32CubeCLT_1.16.0/GNU-tools-for-STM32/bin/../lib/gcc/arm-none-eabi/12.3.1/../../../../arm-none-eabi/lib/thumb/v7e-m+fp/hard\libc.a(libc_a-writer.o)
 .bss           0x00000000        0x0 D:/STM32CubeCLT_1.16.0/GNU-tools-for-STM32/bin/../lib/gcc/arm-none-eabi/12.3.1/../../../../arm-none-eabi/lib/thumb/v7e-m+fp/hard\libc.a(libc_a-writer.o)
 .text._write_r
                0x00000000       0x24 D:/STM32CubeCLT_1.16.0/GNU-tools-for-STM32/bin/../lib/gcc/arm-none-eabi/12.3.1/../../../../arm-none-eabi/lib/thumb/v7e-m+fp/hard\libc.a(libc_a-writer.o)
 .debug_frame   0x00000000       0x2c D:/STM32CubeCLT_1.16.0/GNU-tools-for-STM32/bin/../lib/gcc/arm-none-eabi/12.3.1/../../../../arm-none-eabi/lib/thumb/v7e-m+fp/hard\libc.a(libc_a-writer.o)
 .ARM.attributes
                0x00000000       0x34 D:/STM32CubeCLT_1.16.0/GNU-tools-for-STM32/bin/../lib/gcc/arm-none-eabi/12.3.1/../../../../arm-none-eabi/lib/thumb/v7e-m+fp/hard\libc.a(libc_a-writer.o)
 .text          0x00000000        0x0 D:/STM32CubeCLT_1.16.0/GNU-tools-for-STM32/bin/../lib/gcc/arm-none-eabi/12.3.1/../../../../arm-none-eabi/lib/thumb/v7e-m+fp/hard\libc.a(libc_a-init.o)
 .data          0x00000000        0x0 D:/STM32CubeCLT_1.16.0/GNU-tools-for-STM32/bin/../lib/gcc/arm-none-eabi/12.3.1/../../../../arm-none-eabi/lib/thumb/v7e-m+fp/hard\libc.a(libc_a-init.o)
 .bss           0x00000000        0x0 D:/STM32CubeCLT_1.16.0/GNU-tools-for-STM32/bin/../lib/gcc/arm-none-eabi/12.3.1/../../../../arm-none-eabi/lib/thumb/v7e-m+fp/hard\libc.a(libc_a-init.o)
 .text          0x00000000        0x0 D:/STM32CubeCLT_1.16.0/GNU-tools-for-STM32/bin/../lib/gcc/arm-none-eabi/12.3.1/../../../../arm-none-eabi/lib/thumb/v7e-m+fp/hard\libc.a(libc_a-lock.o)
 .data          0x00000000        0x0 D:/STM32CubeCLT_1.16.0/GNU-tools-for-STM32/bin/../lib/gcc/arm-none-eabi/12.3.1/../../../../arm-none-eabi/lib/thumb/v7e-m+fp/hard\libc.a(libc_a-lock.o)
 .bss           0x00000000        0x0 D:/STM32CubeCLT_1.16.0/GNU-tools-for-STM32/bin/../lib/gcc/arm-none-eabi/12.3.1/../../../../arm-none-eabi/lib/thumb/v7e-m+fp/hard\libc.a(libc_a-lock.o)
 .text.__retarget_lock_init
                0x00000000        0x2 D:/STM32CubeCLT_1.16.0/GNU-tools-for-STM32/bin/../lib/gcc/arm-none-eabi/12.3.1/../../../../arm-none-eabi/lib/thumb/v7e-m+fp/hard\libc.a(libc_a-lock.o)
 .text.__retarget_lock_init_recursive
                0x00000000        0x2 D:/STM32CubeCLT_1.16.0/GNU-tools-for-STM32/bin/../lib/gcc/arm-none-eabi/12.3.1/../../../../arm-none-eabi/lib/thumb/v7e-m+fp/hard\libc.a(libc_a-lock.o)
 .text.__retarget_lock_close
                0x00000000        0x2 D:/STM32CubeCLT_1.16.0/GNU-tools-for-STM32/bin/../lib/gcc/arm-none-eabi/12.3.1/../../../../arm-none-eabi/lib/thumb/v7e-m+fp/hard\libc.a(libc_a-lock.o)
 .text.__retarget_lock_close_recursive
                0x00000000        0x2 D:/STM32CubeCLT_1.16.0/GNU-tools-for-STM32/bin/../lib/gcc/arm-none-eabi/12.3.1/../../../../arm-none-eabi/lib/thumb/v7e-m+fp/hard\libc.a(libc_a-lock.o)
 .text.__retarget_lock_acquire
                0x00000000        0x2 D:/STM32CubeCLT_1.16.0/GNU-tools-for-STM32/bin/../lib/gcc/arm-none-eabi/12.3.1/../../../../arm-none-eabi/lib/thumb/v7e-m+fp/hard\libc.a(libc_a-lock.o)
 .text.__retarget_lock_try_acquire
                0x00000000        0x4 D:/STM32CubeCLT_1.16.0/GNU-tools-for-STM32/bin/../lib/gcc/arm-none-eabi/12.3.1/../../../../arm-none-eabi/lib/thumb/v7e-m+fp/hard\libc.a(libc_a-lock.o)
 .text.__retarget_lock_try_acquire_recursive
                0x00000000        0x4 D:/STM32CubeCLT_1.16.0/GNU-tools-for-STM32/bin/../lib/gcc/arm-none-eabi/12.3.1/../../../../arm-none-eabi/lib/thumb/v7e-m+fp/hard\libc.a(libc_a-lock.o)
 .text.__retarget_lock_release
                0x00000000        0x2 D:/STM32CubeCLT_1.16.0/GNU-tools-for-STM32/bin/../lib/gcc/arm-none-eabi/12.3.1/../../../../arm-none-eabi/lib/thumb/v7e-m+fp/hard\libc.a(libc_a-lock.o)
 .bss.__lock___arc4random_mutex
                0x00000000        0x1 D:/STM32CubeCLT_1.16.0/GNU-tools-for-STM32/bin/../lib/gcc/arm-none-eabi/12.3.1/../../../../arm-none-eabi/lib/thumb/v7e-m+fp/hard\libc.a(libc_a-lock.o)
 .bss.__lock___dd_hash_mutex
                0x00000000        0x1 D:/STM32CubeCLT_1.16.0/GNU-tools-for-STM32/bin/../lib/gcc/arm-none-eabi/12.3.1/../../../../arm-none-eabi/lib/thumb/v7e-m+fp/hard\libc.a(libc_a-lock.o)
 .bss.__lock___tz_mutex
                0x00000000        0x1 D:/STM32CubeCLT_1.16.0/GNU-tools-for-STM32/bin/../lib/gcc/arm-none-eabi/12.3.1/../../../../arm-none-eabi/lib/thumb/v7e-m+fp/hard\libc.a(libc_a-lock.o)
 .bss.__lock___env_recursive_mutex
                0x00000000        0x1 D:/STM32CubeCLT_1.16.0/GNU-tools-for-STM32/bin/../lib/gcc/arm-none-eabi/12.3.1/../../../../arm-none-eabi/lib/thumb/v7e-m+fp/hard\libc.a(libc_a-lock.o)
 .bss.__lock___malloc_recursive_mutex
                0x00000000        0x1 D:/STM32CubeCLT_1.16.0/GNU-tools-for-STM32/bin/../lib/gcc/arm-none-eabi/12.3.1/../../../../arm-none-eabi/lib/thumb/v7e-m+fp/hard\libc.a(libc_a-lock.o)
 .bss.__lock___at_quick_exit_mutex
                0x00000000        0x1 D:/STM32CubeCLT_1.16.0/GNU-tools-for-STM32/bin/../lib/gcc/arm-none-eabi/12.3.1/../../../../arm-none-eabi/lib/thumb/v7e-m+fp/hard\libc.a(libc_a-lock.o)
 .bss.__lock___sfp_recursive_mutex
                0x00000000        0x1 D:/STM32CubeCLT_1.16.0/GNU-tools-for-STM32/bin/../lib/gcc/arm-none-eabi/12.3.1/../../../../arm-none-eabi/lib/thumb/v7e-m+fp/hard\libc.a(libc_a-lock.o)
 .text          0x00000000        0x0 D:/STM32CubeCLT_1.16.0/GNU-tools-for-STM32/bin/../lib/gcc/arm-none-eabi/12.3.1/../../../../arm-none-eabi/lib/thumb/v7e-m+fp/hard\libc.a(libc_a-__call_atexit.o)
 .data          0x00000000        0x0 D:/STM32CubeCLT_1.16.0/GNU-tools-for-STM32/bin/../lib/gcc/arm-none-eabi/12.3.1/../../../../arm-none-eabi/lib/thumb/v7e-m+fp/hard\libc.a(libc_a-__call_atexit.o)
 .bss           0x00000000        0x0 D:/STM32CubeCLT_1.16.0/GNU-tools-for-STM32/bin/../lib/gcc/arm-none-eabi/12.3.1/../../../../arm-none-eabi/lib/thumb/v7e-m+fp/hard\libc.a(libc_a-__call_atexit.o)
 .text.__call_exitprocs
                0x00000000       0xac D:/STM32CubeCLT_1.16.0/GNU-tools-for-STM32/bin/../lib/gcc/arm-none-eabi/12.3.1/../../../../arm-none-eabi/lib/thumb/v7e-m+fp/hard\libc.a(libc_a-__call_atexit.o)
 .text          0x00000000        0x0 D:/STM32CubeCLT_1.16.0/GNU-tools-for-STM32/bin/../lib/gcc/arm-none-eabi/12.3.1/../../../../arm-none-eabi/lib/thumb/v7e-m+fp/hard\libc.a(libc_a-atexit.o)
 .data          0x00000000        0x0 D:/STM32CubeCLT_1.16.0/GNU-tools-for-STM32/bin/../lib/gcc/arm-none-eabi/12.3.1/../../../../arm-none-eabi/lib/thumb/v7e-m+fp/hard\libc.a(libc_a-atexit.o)
 .bss           0x00000000        0x0 D:/STM32CubeCLT_1.16.0/GNU-tools-for-STM32/bin/../lib/gcc/arm-none-eabi/12.3.1/../../../../arm-none-eabi/lib/thumb/v7e-m+fp/hard\libc.a(libc_a-atexit.o)
 .text          0x00000000        0x0 D:/STM32CubeCLT_1.16.0/GNU-tools-for-STM32/bin/../lib/gcc/arm-none-eabi/12.3.1/../../../../arm-none-eabi/lib/thumb/v7e-m+fp/hard\libc.a(libc_a-freer.o)
 .data          0x00000000        0x0 D:/STM32CubeCLT_1.16.0/GNU-tools-for-STM32/bin/../lib/gcc/arm-none-eabi/12.3.1/../../../../arm-none-eabi/lib/thumb/v7e-m+fp/hard\libc.a(libc_a-freer.o)
 .bss           0x00000000        0x0 D:/STM32CubeCLT_1.16.0/GNU-tools-for-STM32/bin/../lib/gcc/arm-none-eabi/12.3.1/../../../../arm-none-eabi/lib/thumb/v7e-m+fp/hard\libc.a(libc_a-freer.o)
 .text._malloc_trim_r
                0x00000000       0xac D:/STM32CubeCLT_1.16.0/GNU-tools-for-STM32/bin/../lib/gcc/arm-none-eabi/12.3.1/../../../../arm-none-eabi/lib/thumb/v7e-m+fp/hard\libc.a(libc_a-freer.o)
 .text._free_r  0x00000000      0x180 D:/STM32CubeCLT_1.16.0/GNU-tools-for-STM32/bin/../lib/gcc/arm-none-eabi/12.3.1/../../../../arm-none-eabi/lib/thumb/v7e-m+fp/hard\libc.a(libc_a-freer.o)
 .debug_frame   0x00000000       0x60 D:/STM32CubeCLT_1.16.0/GNU-tools-for-STM32/bin/../lib/gcc/arm-none-eabi/12.3.1/../../../../arm-none-eabi/lib/thumb/v7e-m+fp/hard\libc.a(libc_a-freer.o)
 .ARM.attributes
                0x00000000       0x34 D:/STM32CubeCLT_1.16.0/GNU-tools-for-STM32/bin/../lib/gcc/arm-none-eabi/12.3.1/../../../../arm-none-eabi/lib/thumb/v7e-m+fp/hard\libc.a(libc_a-freer.o)
 .text          0x00000000        0x0 D:/STM32CubeCLT_1.16.0/GNU-tools-for-STM32/bin/../lib/gcc/arm-none-eabi/12.3.1/../../../../arm-none-eabi/lib/thumb/v7e-m+fp/hard\libc.a(libc_a-mallocr.o)
 .data          0x00000000        0x0 D:/STM32CubeCLT_1.16.0/GNU-tools-for-STM32/bin/../lib/gcc/arm-none-eabi/12.3.1/../../../../arm-none-eabi/lib/thumb/v7e-m+fp/hard\libc.a(libc_a-mallocr.o)
 .bss           0x00000000        0x0 D:/STM32CubeCLT_1.16.0/GNU-tools-for-STM32/bin/../lib/gcc/arm-none-eabi/12.3.1/../../../../arm-none-eabi/lib/thumb/v7e-m+fp/hard\libc.a(libc_a-mallocr.o)
 .text._malloc_r
                0x00000000      0x474 D:/STM32CubeCLT_1.16.0/GNU-tools-for-STM32/bin/../lib/gcc/arm-none-eabi/12.3.1/../../../../arm-none-eabi/lib/thumb/v7e-m+fp/hard\libc.a(libc_a-mallocr.o)
 .bss.__malloc_current_mallinfo
                0x00000000       0x28 D:/STM32CubeCLT_1.16.0/GNU-tools-for-STM32/bin/../lib/gcc/arm-none-eabi/12.3.1/../../../../arm-none-eabi/lib/thumb/v7e-m+fp/hard\libc.a(libc_a-mallocr.o)
 .bss.__malloc_max_total_mem
                0x00000000        0x4 D:/STM32CubeCLT_1.16.0/GNU-tools-for-STM32/bin/../lib/gcc/arm-none-eabi/12.3.1/../../../../arm-none-eabi/lib/thumb/v7e-m+fp/hard\libc.a(libc_a-mallocr.o)
 .bss.__malloc_max_sbrked_mem
                0x00000000        0x4 D:/STM32CubeCLT_1.16.0/GNU-tools-for-STM32/bin/../lib/gcc/arm-none-eabi/12.3.1/../../../../arm-none-eabi/lib/thumb/v7e-m+fp/hard\libc.a(libc_a-mallocr.o)
 .data.__malloc_sbrk_base
                0x00000000        0x4 D:/STM32CubeCLT_1.16.0/GNU-tools-for-STM32/bin/../lib/gcc/arm-none-eabi/12.3.1/../../../../arm-none-eabi/lib/thumb/v7e-m+fp/hard\libc.a(libc_a-mallocr.o)
 .bss.__malloc_top_pad
                0x00000000        0x4 D:/STM32CubeCLT_1.16.0/GNU-tools-for-STM32/bin/../lib/gcc/arm-none-eabi/12.3.1/../../../../arm-none-eabi/lib/thumb/v7e-m+fp/hard\libc.a(libc_a-mallocr.o)
 .data.__malloc_trim_threshold
                0x00000000        0x4 D:/STM32CubeCLT_1.16.0/GNU-tools-for-STM32/bin/../lib/gcc/arm-none-eabi/12.3.1/../../../../arm-none-eabi/lib/thumb/v7e-m+fp/hard\libc.a(libc_a-mallocr.o)
 .data.__malloc_av_
                0x00000000      0x408 D:/STM32CubeCLT_1.16.0/GNU-tools-for-STM32/bin/../lib/gcc/arm-none-eabi/12.3.1/../../../../arm-none-eabi/lib/thumb/v7e-m+fp/hard\libc.a(libc_a-mallocr.o)
 .debug_frame   0x00000000       0x40 D:/STM32CubeCLT_1.16.0/GNU-tools-for-STM32/bin/../lib/gcc/arm-none-eabi/12.3.1/../../../../arm-none-eabi/lib/thumb/v7e-m+fp/hard\libc.a(libc_a-mallocr.o)
 .ARM.attributes
                0x00000000       0x34 D:/STM32CubeCLT_1.16.0/GNU-tools-for-STM32/bin/../lib/gcc/arm-none-eabi/12.3.1/../../../../arm-none-eabi/lib/thumb/v7e-m+fp/hard\libc.a(libc_a-mallocr.o)
 .text          0x00000000        0x0 D:/STM32CubeCLT_1.16.0/GNU-tools-for-STM32/bin/../lib/gcc/arm-none-eabi/12.3.1/../../../../arm-none-eabi/lib/thumb/v7e-m+fp/hard\libc.a(libc_a-mlock.o)
 .data          0x00000000        0x0 D:/STM32CubeCLT_1.16.0/GNU-tools-for-STM32/bin/../lib/gcc/arm-none-eabi/12.3.1/../../../../arm-none-eabi/lib/thumb/v7e-m+fp/hard\libc.a(libc_a-mlock.o)
 .bss           0x00000000        0x0 D:/STM32CubeCLT_1.16.0/GNU-tools-for-STM32/bin/../lib/gcc/arm-none-eabi/12.3.1/../../../../arm-none-eabi/lib/thumb/v7e-m+fp/hard\libc.a(libc_a-mlock.o)
 .text.__malloc_lock
                0x00000000        0xc D:/STM32CubeCLT_1.16.0/GNU-tools-for-STM32/bin/../lib/gcc/arm-none-eabi/12.3.1/../../../../arm-none-eabi/lib/thumb/v7e-m+fp/hard\libc.a(libc_a-mlock.o)
 .text.__malloc_unlock
                0x00000000        0xc D:/STM32CubeCLT_1.16.0/GNU-tools-for-STM32/bin/../lib/gcc/arm-none-eabi/12.3.1/../../../../arm-none-eabi/lib/thumb/v7e-m+fp/hard\libc.a(libc_a-mlock.o)
 .debug_frame   0x00000000       0x30 D:/STM32CubeCLT_1.16.0/GNU-tools-for-STM32/bin/../lib/gcc/arm-none-eabi/12.3.1/../../../../arm-none-eabi/lib/thumb/v7e-m+fp/hard\libc.a(libc_a-mlock.o)
 .ARM.attributes
                0x00000000       0x34 D:/STM32CubeCLT_1.16.0/GNU-tools-for-STM32/bin/../lib/gcc/arm-none-eabi/12.3.1/../../../../arm-none-eabi/lib/thumb/v7e-m+fp/hard\libc.a(libc_a-mlock.o)
 .text          0x00000000        0x0 D:/STM32CubeCLT_1.16.0/GNU-tools-for-STM32/bin/../lib/gcc/arm-none-eabi/12.3.1/../../../../arm-none-eabi/lib/thumb/v7e-m+fp/hard\libc.a(libc_a-fclose.o)
 .data          0x00000000        0x0 D:/STM32CubeCLT_1.16.0/GNU-tools-for-STM32/bin/../lib/gcc/arm-none-eabi/12.3.1/../../../../arm-none-eabi/lib/thumb/v7e-m+fp/hard\libc.a(libc_a-fclose.o)
 .bss           0x00000000        0x0 D:/STM32CubeCLT_1.16.0/GNU-tools-for-STM32/bin/../lib/gcc/arm-none-eabi/12.3.1/../../../../arm-none-eabi/lib/thumb/v7e-m+fp/hard\libc.a(libc_a-fclose.o)
 .text._fclose_r
                0x00000000       0xaa D:/STM32CubeCLT_1.16.0/GNU-tools-for-STM32/bin/../lib/gcc/arm-none-eabi/12.3.1/../../../../arm-none-eabi/lib/thumb/v7e-m+fp/hard\libc.a(libc_a-fclose.o)
 .text.fclose   0x00000000       0x10 D:/STM32CubeCLT_1.16.0/GNU-tools-for-STM32/bin/../lib/gcc/arm-none-eabi/12.3.1/../../../../arm-none-eabi/lib/thumb/v7e-m+fp/hard\libc.a(libc_a-fclose.o)
 .debug_frame   0x00000000       0x3c D:/STM32CubeCLT_1.16.0/GNU-tools-for-STM32/bin/../lib/gcc/arm-none-eabi/12.3.1/../../../../arm-none-eabi/lib/thumb/v7e-m+fp/hard\libc.a(libc_a-fclose.o)
 .ARM.attributes
                0x00000000       0x34 D:/STM32CubeCLT_1.16.0/GNU-tools-for-STM32/bin/../lib/gcc/arm-none-eabi/12.3.1/../../../../arm-none-eabi/lib/thumb/v7e-m+fp/hard\libc.a(libc_a-fclose.o)
 .text          0x00000000        0x0 D:/STM32CubeCLT_1.16.0/GNU-tools-for-STM32/bin/../lib/gcc/arm-none-eabi/12.3.1/../../../../arm-none-eabi/lib/thumb/v7e-m+fp/hard\libc.a(libc_a-fflush.o)
 .data          0x00000000        0x0 D:/STM32CubeCLT_1.16.0/GNU-tools-for-STM32/bin/../lib/gcc/arm-none-eabi/12.3.1/../../../../arm-none-eabi/lib/thumb/v7e-m+fp/hard\libc.a(libc_a-fflush.o)
 .bss           0x00000000        0x0 D:/STM32CubeCLT_1.16.0/GNU-tools-for-STM32/bin/../lib/gcc/arm-none-eabi/12.3.1/../../../../arm-none-eabi/lib/thumb/v7e-m+fp/hard\libc.a(libc_a-fflush.o)
 .text.__sflush_r
                0x00000000      0x110 D:/STM32CubeCLT_1.16.0/GNU-tools-for-STM32/bin/../lib/gcc/arm-none-eabi/12.3.1/../../../../arm-none-eabi/lib/thumb/v7e-m+fp/hard\libc.a(libc_a-fflush.o)
 .text._fflush_r
                0x00000000       0x4a D:/STM32CubeCLT_1.16.0/GNU-tools-for-STM32/bin/../lib/gcc/arm-none-eabi/12.3.1/../../../../arm-none-eabi/lib/thumb/v7e-m+fp/hard\libc.a(libc_a-fflush.o)
 .text.fflush   0x00000000       0x28 D:/STM32CubeCLT_1.16.0/GNU-tools-for-STM32/bin/../lib/gcc/arm-none-eabi/12.3.1/../../../../arm-none-eabi/lib/thumb/v7e-m+fp/hard\libc.a(libc_a-fflush.o)
 .debug_frame   0x00000000       0x5c D:/STM32CubeCLT_1.16.0/GNU-tools-for-STM32/bin/../lib/gcc/arm-none-eabi/12.3.1/../../../../arm-none-eabi/lib/thumb/v7e-m+fp/hard\libc.a(libc_a-fflush.o)
 .ARM.attributes
                0x00000000       0x34 D:/STM32CubeCLT_1.16.0/GNU-tools-for-STM32/bin/../lib/gcc/arm-none-eabi/12.3.1/../../../../arm-none-eabi/lib/thumb/v7e-m+fp/hard\libc.a(libc_a-fflush.o)
 .text          0x00000000        0x0 D:/STM32CubeCLT_1.16.0/GNU-tools-for-STM32/bin/../lib/gcc/arm-none-eabi/12.3.1/../../../../arm-none-eabi/lib/thumb/v7e-m+fp/hard\libc.a(libc_a-sbrkr.o)
 .data          0x00000000        0x0 D:/STM32CubeCLT_1.16.0/GNU-tools-for-STM32/bin/../lib/gcc/arm-none-eabi/12.3.1/../../../../arm-none-eabi/lib/thumb/v7e-m+fp/hard\libc.a(libc_a-sbrkr.o)
 .bss           0x00000000        0x0 D:/STM32CubeCLT_1.16.0/GNU-tools-for-STM32/bin/../lib/gcc/arm-none-eabi/12.3.1/../../../../arm-none-eabi/lib/thumb/v7e-m+fp/hard\libc.a(libc_a-sbrkr.o)
 .text._sbrk_r  0x00000000       0x20 D:/STM32CubeCLT_1.16.0/GNU-tools-for-STM32/bin/../lib/gcc/arm-none-eabi/12.3.1/../../../../arm-none-eabi/lib/thumb/v7e-m+fp/hard\libc.a(libc_a-sbrkr.o)
 .debug_frame   0x00000000       0x2c D:/STM32CubeCLT_1.16.0/GNU-tools-for-STM32/bin/../lib/gcc/arm-none-eabi/12.3.1/../../../../arm-none-eabi/lib/thumb/v7e-m+fp/hard\libc.a(libc_a-sbrkr.o)
 .ARM.attributes
                0x00000000       0x34 D:/STM32CubeCLT_1.16.0/GNU-tools-for-STM32/bin/../lib/gcc/arm-none-eabi/12.3.1/../../../../arm-none-eabi/lib/thumb/v7e-m+fp/hard\libc.a(libc_a-sbrkr.o)
 .text          0x00000000        0x0 D:/STM32CubeCLT_1.16.0/GNU-tools-for-STM32/bin/../lib/gcc/arm-none-eabi/12.3.1/../../../../arm-none-eabi/lib/thumb/v7e-m+fp/hard\libc.a(libc_a-fini.o)
 .data          0x00000000        0x0 D:/STM32CubeCLT_1.16.0/GNU-tools-for-STM32/bin/../lib/gcc/arm-none-eabi/12.3.1/../../../../arm-none-eabi/lib/thumb/v7e-m+fp/hard\libc.a(libc_a-fini.o)
 .bss           0x00000000        0x0 D:/STM32CubeCLT_1.16.0/GNU-tools-for-STM32/bin/../lib/gcc/arm-none-eabi/12.3.1/../../../../arm-none-eabi/lib/thumb/v7e-m+fp/hard\libc.a(libc_a-fini.o)
 .text          0x00000000        0x0 D:/STM32CubeCLT_1.16.0/GNU-tools-for-STM32/bin/../lib/gcc/arm-none-eabi/12.3.1/../../../../arm-none-eabi/lib/thumb/v7e-m+fp/hard\libc.a(libc_a-sysconf.o)
 .data          0x00000000        0x0 D:/STM32CubeCLT_1.16.0/GNU-tools-for-STM32/bin/../lib/gcc/arm-none-eabi/12.3.1/../../../../arm-none-eabi/lib/thumb/v7e-m+fp/hard\libc.a(libc_a-sysconf.o)
 .bss           0x00000000        0x0 D:/STM32CubeCLT_1.16.0/GNU-tools-for-STM32/bin/../lib/gcc/arm-none-eabi/12.3.1/../../../../arm-none-eabi/lib/thumb/v7e-m+fp/hard\libc.a(libc_a-sysconf.o)
 .text.sysconf  0x00000000       0x18 D:/STM32CubeCLT_1.16.0/GNU-tools-for-STM32/bin/../lib/gcc/arm-none-eabi/12.3.1/../../../../arm-none-eabi/lib/thumb/v7e-m+fp/hard\libc.a(libc_a-sysconf.o)
 .debug_frame   0x00000000       0x28 D:/STM32CubeCLT_1.16.0/GNU-tools-for-STM32/bin/../lib/gcc/arm-none-eabi/12.3.1/../../../../arm-none-eabi/lib/thumb/v7e-m+fp/hard\libc.a(libc_a-sysconf.o)
 .ARM.attributes
                0x00000000       0x34 D:/STM32CubeCLT_1.16.0/GNU-tools-for-STM32/bin/../lib/gcc/arm-none-eabi/12.3.1/../../../../arm-none-eabi/lib/thumb/v7e-m+fp/hard\libc.a(libc_a-sysconf.o)
 .text          0x00000000        0x0 D:/STM32CubeCLT_1.16.0/GNU-tools-for-STM32/bin/../lib/gcc/arm-none-eabi/12.3.1/../../../../arm-none-eabi/lib/thumb/v7e-m+fp/hard\libc.a(libc_a-__atexit.o)
 .data          0x00000000        0x0 D:/STM32CubeCLT_1.16.0/GNU-tools-for-STM32/bin/../lib/gcc/arm-none-eabi/12.3.1/../../../../arm-none-eabi/lib/thumb/v7e-m+fp/hard\libc.a(libc_a-__atexit.o)
 .bss           0x00000000        0x0 D:/STM32CubeCLT_1.16.0/GNU-tools-for-STM32/bin/../lib/gcc/arm-none-eabi/12.3.1/../../../../arm-none-eabi/lib/thumb/v7e-m+fp/hard\libc.a(libc_a-__atexit.o)
 .text          0x00000000        0x0 D:/STM32CubeCLT_1.16.0/GNU-tools-for-STM32/bin/../lib/gcc/arm-none-eabi/12.3.1/../../../../arm-none-eabi/lib/thumb/v7e-m+fp/hard\libc.a(libc_a-errno.o)
 .data          0x00000000        0x0 D:/STM32CubeCLT_1.16.0/GNU-tools-for-STM32/bin/../lib/gcc/arm-none-eabi/12.3.1/../../../../arm-none-eabi/lib/thumb/v7e-m+fp/hard\libc.a(libc_a-errno.o)
 .bss           0x00000000        0x0 D:/STM32CubeCLT_1.16.0/GNU-tools-for-STM32/bin/../lib/gcc/arm-none-eabi/12.3.1/../../../../arm-none-eabi/lib/thumb/v7e-m+fp/hard\libc.a(libc_a-errno.o)
 .text.__errno  0x00000000        0xc D:/STM32CubeCLT_1.16.0/GNU-tools-for-STM32/bin/../lib/gcc/arm-none-eabi/12.3.1/../../../../arm-none-eabi/lib/thumb/v7e-m+fp/hard\libc.a(libc_a-errno.o)
 .debug_frame   0x00000000       0x20 D:/STM32CubeCLT_1.16.0/GNU-tools-for-STM32/bin/../lib/gcc/arm-none-eabi/12.3.1/../../../../arm-none-eabi/lib/thumb/v7e-m+fp/hard\libc.a(libc_a-errno.o)
 .ARM.attributes
                0x00000000       0x34 D:/STM32CubeCLT_1.16.0/GNU-tools-for-STM32/bin/../lib/gcc/arm-none-eabi/12.3.1/../../../../arm-none-eabi/lib/thumb/v7e-m+fp/hard\libc.a(libc_a-errno.o)
 .group         0x00000000        0xc CMakeFiles/Prueba_3.dir/Src/main.c.obj
 .group         0x00000000        0xc CMakeFiles/Prueba_3.dir/Src/main.c.obj
 .group         0x00000000        0xc CMakeFiles/Prueba_3.dir/Src/main.c.obj
 .group         0x00000000        0xc CMakeFiles/Prueba_3.dir/Src/main.c.obj
 .group         0x00000000        0xc CMakeFiles/Prueba_3.dir/Src/main.c.obj
 .group         0x00000000        0xc CMakeFiles/Prueba_3.dir/Src/main.c.obj
 .group         0x00000000        0xc CMakeFiles/Prueba_3.dir/Src/main.c.obj
 .text          0x00000000        0x0 CMakeFiles/Prueba_3.dir/Src/main.c.obj
 .data          0x00000000        0x0 CMakeFiles/Prueba_3.dir/Src/main.c.obj
 .bss           0x00000000        0x0 CMakeFiles/Prueba_3.dir/Src/main.c.obj
 .group         0x00000000        0xc CMakeFiles/Prueba_3.dir/Src/syscall.c.obj
 .group         0x00000000        0xc CMakeFiles/Prueba_3.dir/Src/syscall.c.obj
 .group         0x00000000        0xc CMakeFiles/Prueba_3.dir/Src/syscall.c.obj
 .group         0x00000000        0xc CMakeFiles/Prueba_3.dir/Src/syscall.c.obj
 .group         0x00000000        0xc CMakeFiles/Prueba_3.dir/Src/syscall.c.obj
 .group         0x00000000        0xc CMakeFiles/Prueba_3.dir/Src/syscall.c.obj
 .group         0x00000000        0xc CMakeFiles/Prueba_3.dir/Src/syscall.c.obj
 .group         0x00000000        0xc CMakeFiles/Prueba_3.dir/Src/syscall.c.obj
 .group         0x00000000        0xc CMakeFiles/Prueba_3.dir/Src/syscall.c.obj
 .group         0x00000000        0xc CMakeFiles/Prueba_3.dir/Src/syscall.c.obj
 .group         0x00000000        0xc CMakeFiles/Prueba_3.dir/Src/syscall.c.obj
 .group         0x00000000        0xc CMakeFiles/Prueba_3.dir/Src/syscall.c.obj
 .group         0x00000000        0xc CMakeFiles/Prueba_3.dir/Src/syscall.c.obj
 .group         0x00000000        0xc CMakeFiles/Prueba_3.dir/Src/syscall.c.obj
 .group         0x00000000        0xc CMakeFiles/Prueba_3.dir/Src/syscall.c.obj
 .group         0x00000000        0xc CMakeFiles/Prueba_3.dir/Src/syscall.c.obj
 .group         0x00000000        0xc CMakeFiles/Prueba_3.dir/Src/syscall.c.obj
 .group         0x00000000        0xc CMakeFiles/Prueba_3.dir/Src/syscall.c.obj
 .group         0x00000000        0xc CMakeFiles/Prueba_3.dir/Src/syscall.c.obj
 .group         0x00000000        0xc CMakeFiles/Prueba_3.dir/Src/syscall.c.obj
 .group         0x00000000        0xc CMakeFiles/Prueba_3.dir/Src/syscall.c.obj
 .group         0x00000000        0xc CMakeFiles/Prueba_3.dir/Src/syscall.c.obj
 .group         0x00000000        0xc CMakeFiles/Prueba_3.dir/Src/syscall.c.obj
 .group         0x00000000        0xc CMakeFiles/Prueba_3.dir/Src/syscall.c.obj
 .group         0x00000000        0xc CMakeFiles/Prueba_3.dir/Src/syscall.c.obj
 .group         0x00000000        0xc CMakeFiles/Prueba_3.dir/Src/syscall.c.obj
 .group         0x00000000        0xc CMakeFiles/Prueba_3.dir/Src/syscall.c.obj
 .group         0x00000000        0xc CMakeFiles/Prueba_3.dir/Src/syscall.c.obj
 .group         0x00000000        0xc CMakeFiles/Prueba_3.dir/Src/syscall.c.obj
 .group         0x00000000        0xc CMakeFiles/Prueba_3.dir/Src/syscall.c.obj
 .group         0x00000000        0xc CMakeFiles/Prueba_3.dir/Src/syscall.c.obj
 .group         0x00000000        0xc CMakeFiles/Prueba_3.dir/Src/syscall.c.obj
 .group         0x00000000        0xc CMakeFiles/Prueba_3.dir/Src/syscall.c.obj
 .group         0x00000000        0xc CMakeFiles/Prueba_3.dir/Src/syscall.c.obj
 .group         0x00000000        0xc CMakeFiles/Prueba_3.dir/Src/syscall.c.obj
 .group         0x00000000        0xc CMakeFiles/Prueba_3.dir/Src/syscall.c.obj
 .group         0x00000000        0xc CMakeFiles/Prueba_3.dir/Src/syscall.c.obj
 .group         0x00000000        0xc CMakeFiles/Prueba_3.dir/Src/syscall.c.obj
 .group         0x00000000        0xc CMakeFiles/Prueba_3.dir/Src/syscall.c.obj
 .group         0x00000000        0xc CMakeFiles/Prueba_3.dir/Src/syscall.c.obj
 .group         0x00000000        0xc CMakeFiles/Prueba_3.dir/Src/syscall.c.obj
 .group         0x00000000        0xc CMakeFiles/Prueba_3.dir/Src/syscall.c.obj
 .group         0x00000000        0xc CMakeFiles/Prueba_3.dir/Src/syscall.c.obj
 .group         0x00000000        0xc CMakeFiles/Prueba_3.dir/Src/syscall.c.obj
 .group         0x00000000        0xc CMakeFiles/Prueba_3.dir/Src/syscall.c.obj
 .group         0x00000000        0xc CMakeFiles/Prueba_3.dir/Src/syscall.c.obj
 .group         0x00000000        0xc CMakeFiles/Prueba_3.dir/Src/syscall.c.obj
 .text          0x00000000        0x0 CMakeFiles/Prueba_3.dir/Src/syscall.c.obj
 .data          0x00000000        0x0 CMakeFiles/Prueba_3.dir/Src/syscall.c.obj
 .bss           0x00000000        0x0 CMakeFiles/Prueba_3.dir/Src/syscall.c.obj
 .text.initialise_monitor_handles
                0x00000000        0x2 CMakeFiles/Prueba_3.dir/Src/syscall.c.obj
 .text._getpid  0x00000000        0x4 CMakeFiles/Prueba_3.dir/Src/syscall.c.obj
 .text._kill    0x00000000       0x10 CMakeFiles/Prueba_3.dir/Src/syscall.c.obj
 .text._exit    0x00000000        0xc CMakeFiles/Prueba_3.dir/Src/syscall.c.obj
 .text._read    0x00000000       0x20 CMakeFiles/Prueba_3.dir/Src/syscall.c.obj
 .text._write   0x00000000       0x1c CMakeFiles/Prueba_3.dir/Src/syscall.c.obj
 .text._close   0x00000000        0x6 CMakeFiles/Prueba_3.dir/Src/syscall.c.obj
 .text._fstat   0x00000000        0xa CMakeFiles/Prueba_3.dir/Src/syscall.c.obj
 .text._isatty  0x00000000        0x4 CMakeFiles/Prueba_3.dir/Src/syscall.c.obj
 .text._lseek   0x00000000        0x4 CMakeFiles/Prueba_3.dir/Src/syscall.c.obj
 .text._open    0x00000000        0xa CMakeFiles/Prueba_3.dir/Src/syscall.c.obj
 .text._wait    0x00000000       0x10 CMakeFiles/Prueba_3.dir/Src/syscall.c.obj
 .text._unlink  0x00000000       0x10 CMakeFiles/Prueba_3.dir/Src/syscall.c.obj
 .text._times   0x00000000        0x6 CMakeFiles/Prueba_3.dir/Src/syscall.c.obj
 .text._stat    0x00000000        0xa CMakeFiles/Prueba_3.dir/Src/syscall.c.obj
 .text._link    0x00000000       0x10 CMakeFiles/Prueba_3.dir/Src/syscall.c.obj
 .text._fork    0x00000000       0x10 CMakeFiles/Prueba_3.dir/Src/syscall.c.obj
 .text._execve  0x00000000       0x10 CMakeFiles/Prueba_3.dir/Src/syscall.c.obj
 .data.environ  0x00000000        0x4 CMakeFiles/Prueba_3.dir/Src/syscall.c.obj
 .bss.__env     0x00000000        0x4 CMakeFiles/Prueba_3.dir/Src/syscall.c.obj
 .debug_info    0x00000000      0x787 CMakeFiles/Prueba_3.dir/Src/syscall.c.obj
 .debug_abbrev  0x00000000      0x1c3 CMakeFiles/Prueba_3.dir/Src/syscall.c.obj
 .debug_loclists
                0x00000000      0x25b CMakeFiles/Prueba_3.dir/Src/syscall.c.obj
 .debug_aranges
                0x00000000       0xa8 CMakeFiles/Prueba_3.dir/Src/syscall.c.obj
 .debug_rnglists
                0x00000000       0x79 CMakeFiles/Prueba_3.dir/Src/syscall.c.obj
 .debug_macro   0x00000000      0x265 CMakeFiles/Prueba_3.dir/Src/syscall.c.obj
 .debug_macro   0x00000000      0xaa8 CMakeFiles/Prueba_3.dir/Src/syscall.c.obj
 .debug_macro   0x00000000       0x22 CMakeFiles/Prueba_3.dir/Src/syscall.c.obj
 .debug_macro   0x00000000       0x6e CMakeFiles/Prueba_3.dir/Src/syscall.c.obj
 .debug_macro   0x00000000       0x2a CMakeFiles/Prueba_3.dir/Src/syscall.c.obj
 .debug_macro   0x00000000       0x94 CMakeFiles/Prueba_3.dir/Src/syscall.c.obj
 .debug_macro   0x00000000       0x3c CMakeFiles/Prueba_3.dir/Src/syscall.c.obj
 .debug_macro   0x00000000       0x34 CMakeFiles/Prueba_3.dir/Src/syscall.c.obj
 .debug_macro   0x00000000       0x57 CMakeFiles/Prueba_3.dir/Src/syscall.c.obj
 .debug_macro   0x00000000      0x189 CMakeFiles/Prueba_3.dir/Src/syscall.c.obj
 .debug_macro   0x00000000      0x369 CMakeFiles/Prueba_3.dir/Src/syscall.c.obj
 .debug_macro   0x00000000       0x16 CMakeFiles/Prueba_3.dir/Src/syscall.c.obj
 .debug_macro   0x00000000       0x43 CMakeFiles/Prueba_3.dir/Src/syscall.c.obj
 .debug_macro   0x00000000       0x34 CMakeFiles/Prueba_3.dir/Src/syscall.c.obj
 .debug_macro   0x00000000       0x10 CMakeFiles/Prueba_3.dir/Src/syscall.c.obj
 .debug_macro   0x00000000       0x58 CMakeFiles/Prueba_3.dir/Src/syscall.c.obj
 .debug_macro   0x00000000      0x1de CMakeFiles/Prueba_3.dir/Src/syscall.c.obj
 .debug_macro   0x00000000       0x10 CMakeFiles/Prueba_3.dir/Src/syscall.c.obj
 .debug_macro   0x00000000       0x35 CMakeFiles/Prueba_3.dir/Src/syscall.c.obj
 .debug_macro   0x00000000       0x10 CMakeFiles/Prueba_3.dir/Src/syscall.c.obj
 .debug_macro   0x00000000       0x10 CMakeFiles/Prueba_3.dir/Src/syscall.c.obj
 .debug_macro   0x00000000       0x10 CMakeFiles/Prueba_3.dir/Src/syscall.c.obj
 .debug_macro   0x00000000       0x6a CMakeFiles/Prueba_3.dir/Src/syscall.c.obj
 .debug_macro   0x00000000       0x1c CMakeFiles/Prueba_3.dir/Src/syscall.c.obj
 .debug_macro   0x00000000       0x52 CMakeFiles/Prueba_3.dir/Src/syscall.c.obj
 .debug_macro   0x00000000       0x22 CMakeFiles/Prueba_3.dir/Src/syscall.c.obj
 .debug_macro   0x00000000       0x10 CMakeFiles/Prueba_3.dir/Src/syscall.c.obj
 .debug_macro   0x00000000       0x52 CMakeFiles/Prueba_3.dir/Src/syscall.c.obj
 .debug_macro   0x00000000       0xcf CMakeFiles/Prueba_3.dir/Src/syscall.c.obj
 .debug_macro   0x00000000       0x1c CMakeFiles/Prueba_3.dir/Src/syscall.c.obj
 .debug_macro   0x00000000       0x3d CMakeFiles/Prueba_3.dir/Src/syscall.c.obj
 .debug_macro   0x00000000       0x35 CMakeFiles/Prueba_3.dir/Src/syscall.c.obj
 .debug_macro   0x00000000      0x12c CMakeFiles/Prueba_3.dir/Src/syscall.c.obj
 .debug_macro   0x00000000       0x16 CMakeFiles/Prueba_3.dir/Src/syscall.c.obj
 .debug_macro   0x00000000       0x16 CMakeFiles/Prueba_3.dir/Src/syscall.c.obj
 .debug_macro   0x00000000       0x29 CMakeFiles/Prueba_3.dir/Src/syscall.c.obj
 .debug_macro   0x00000000       0x10 CMakeFiles/Prueba_3.dir/Src/syscall.c.obj
 .debug_macro   0x00000000      0x242 CMakeFiles/Prueba_3.dir/Src/syscall.c.obj
 .debug_macro   0x00000000       0x1c CMakeFiles/Prueba_3.dir/Src/syscall.c.obj
 .debug_macro   0x00000000       0x10 CMakeFiles/Prueba_3.dir/Src/syscall.c.obj
 .debug_macro   0x00000000       0x10 CMakeFiles/Prueba_3.dir/Src/syscall.c.obj
 .debug_macro   0x00000000       0x16 CMakeFiles/Prueba_3.dir/Src/syscall.c.obj
 .debug_macro   0x00000000      0x170 CMakeFiles/Prueba_3.dir/Src/syscall.c.obj
 .debug_macro   0x00000000      0x103 CMakeFiles/Prueba_3.dir/Src/syscall.c.obj
 .debug_macro   0x00000000      0x1df CMakeFiles/Prueba_3.dir/Src/syscall.c.obj
 .debug_macro   0x00000000      0x18a CMakeFiles/Prueba_3.dir/Src/syscall.c.obj
 .debug_macro   0x00000000       0x16 CMakeFiles/Prueba_3.dir/Src/syscall.c.obj
 .debug_macro   0x00000000       0xce CMakeFiles/Prueba_3.dir/Src/syscall.c.obj
 .debug_line    0x00000000      0x6f7 CMakeFiles/Prueba_3.dir/Src/syscall.c.obj
 .debug_str     0x00000000     0x936c CMakeFiles/Prueba_3.dir/Src/syscall.c.obj
 .comment       0x00000000       0x44 CMakeFiles/Prueba_3.dir/Src/syscall.c.obj
 .debug_frame   0x00000000      0x190 CMakeFiles/Prueba_3.dir/Src/syscall.c.obj
 .ARM.attributes
                0x00000000       0x34 CMakeFiles/Prueba_3.dir/Src/syscall.c.obj
 .group         0x00000000        0xc CMakeFiles/Prueba_3.dir/Src/sysmem.c.obj
 .group         0x00000000        0xc CMakeFiles/Prueba_3.dir/Src/sysmem.c.obj
 .group         0x00000000        0xc CMakeFiles/Prueba_3.dir/Src/sysmem.c.obj
 .group         0x00000000        0xc CMakeFiles/Prueba_3.dir/Src/sysmem.c.obj
 .group         0x00000000        0xc CMakeFiles/Prueba_3.dir/Src/sysmem.c.obj
 .group         0x00000000        0xc CMakeFiles/Prueba_3.dir/Src/sysmem.c.obj
 .group         0x00000000        0xc CMakeFiles/Prueba_3.dir/Src/sysmem.c.obj
 .group         0x00000000        0xc CMakeFiles/Prueba_3.dir/Src/sysmem.c.obj
 .group         0x00000000        0xc CMakeFiles/Prueba_3.dir/Src/sysmem.c.obj
 .group         0x00000000        0xc CMakeFiles/Prueba_3.dir/Src/sysmem.c.obj
 .group         0x00000000        0xc CMakeFiles/Prueba_3.dir/Src/sysmem.c.obj
 .group         0x00000000        0xc CMakeFiles/Prueba_3.dir/Src/sysmem.c.obj
 .group         0x00000000        0xc CMakeFiles/Prueba_3.dir/Src/sysmem.c.obj
 .group         0x00000000        0xc CMakeFiles/Prueba_3.dir/Src/sysmem.c.obj
 .group         0x00000000        0xc CMakeFiles/Prueba_3.dir/Src/sysmem.c.obj
 .group         0x00000000        0xc CMakeFiles/Prueba_3.dir/Src/sysmem.c.obj
 .group         0x00000000        0xc CMakeFiles/Prueba_3.dir/Src/sysmem.c.obj
 .group         0x00000000        0xc CMakeFiles/Prueba_3.dir/Src/sysmem.c.obj
 .group         0x00000000        0xc CMakeFiles/Prueba_3.dir/Src/sysmem.c.obj
 .group         0x00000000        0xc CMakeFiles/Prueba_3.dir/Src/sysmem.c.obj
 .text          0x00000000        0x0 CMakeFiles/Prueba_3.dir/Src/sysmem.c.obj
 .data          0x00000000        0x0 CMakeFiles/Prueba_3.dir/Src/sysmem.c.obj
 .bss           0x00000000        0x0 CMakeFiles/Prueba_3.dir/Src/sysmem.c.obj
 .text._sbrk    0x00000000       0x48 CMakeFiles/Prueba_3.dir/Src/sysmem.c.obj
 .bss.__sbrk_heap_end
                0x00000000        0x4 CMakeFiles/Prueba_3.dir/Src/sysmem.c.obj
 .debug_info    0x00000000      0x175 CMakeFiles/Prueba_3.dir/Src/sysmem.c.obj
 .debug_abbrev  0x00000000       0xec CMakeFiles/Prueba_3.dir/Src/sysmem.c.obj
 .debug_loclists
                0x00000000       0x46 CMakeFiles/Prueba_3.dir/Src/sysmem.c.obj
 .debug_aranges
                0x00000000       0x20 CMakeFiles/Prueba_3.dir/Src/sysmem.c.obj
 .debug_rnglists
                0x00000000       0x13 CMakeFiles/Prueba_3.dir/Src/sysmem.c.obj
 .debug_macro   0x00000000       0xec CMakeFiles/Prueba_3.dir/Src/sysmem.c.obj
 .debug_macro   0x00000000      0xaa8 CMakeFiles/Prueba_3.dir/Src/sysmem.c.obj
 .debug_macro   0x00000000       0x10 CMakeFiles/Prueba_3.dir/Src/sysmem.c.obj
 .debug_macro   0x00000000       0x22 CMakeFiles/Prueba_3.dir/Src/sysmem.c.obj
 .debug_macro   0x00000000       0x6e CMakeFiles/Prueba_3.dir/Src/sysmem.c.obj
 .debug_macro   0x00000000       0x2a CMakeFiles/Prueba_3.dir/Src/sysmem.c.obj
 .debug_macro   0x00000000       0x94 CMakeFiles/Prueba_3.dir/Src/sysmem.c.obj
 .debug_macro   0x00000000       0x3c CMakeFiles/Prueba_3.dir/Src/sysmem.c.obj
 .debug_macro   0x00000000       0x34 CMakeFiles/Prueba_3.dir/Src/sysmem.c.obj
 .debug_macro   0x00000000      0x189 CMakeFiles/Prueba_3.dir/Src/sysmem.c.obj
 .debug_macro   0x00000000       0x16 CMakeFiles/Prueba_3.dir/Src/sysmem.c.obj
 .debug_macro   0x00000000       0x43 CMakeFiles/Prueba_3.dir/Src/sysmem.c.obj
 .debug_macro   0x00000000       0x57 CMakeFiles/Prueba_3.dir/Src/sysmem.c.obj
 .debug_macro   0x00000000       0x34 CMakeFiles/Prueba_3.dir/Src/sysmem.c.obj
 .debug_macro   0x00000000       0x10 CMakeFiles/Prueba_3.dir/Src/sysmem.c.obj
 .debug_macro   0x00000000       0x58 CMakeFiles/Prueba_3.dir/Src/sysmem.c.obj
 .debug_macro   0x00000000      0x1de CMakeFiles/Prueba_3.dir/Src/sysmem.c.obj
 .debug_macro   0x00000000      0x23c CMakeFiles/Prueba_3.dir/Src/sysmem.c.obj
 .debug_macro   0x00000000      0x103 CMakeFiles/Prueba_3.dir/Src/sysmem.c.obj
 .debug_macro   0x00000000       0x6a CMakeFiles/Prueba_3.dir/Src/sysmem.c.obj
 .debug_macro   0x00000000      0x1df CMakeFiles/Prueba_3.dir/Src/sysmem.c.obj
 .debug_line    0x00000000      0x369 CMakeFiles/Prueba_3.dir/Src/sysmem.c.obj
 .debug_str     0x00000000     0x5ae0 CMakeFiles/Prueba_3.dir/Src/sysmem.c.obj
 .comment       0x00000000       0x44 CMakeFiles/Prueba_3.dir/Src/sysmem.c.obj
 .debug_frame   0x00000000       0x28 CMakeFiles/Prueba_3.dir/Src/sysmem.c.obj
 .ARM.attributes
                0x00000000       0x34 CMakeFiles/Prueba_3.dir/Src/sysmem.c.obj
 .text          0x00000000       0x14 CMakeFiles/Prueba_3.dir/Startup/startup_stm32l476rgtx.s.obj
 .data          0x00000000        0x0 CMakeFiles/Prueba_3.dir/Startup/startup_stm32l476rgtx.s.obj
 .bss           0x00000000        0x0 CMakeFiles/Prueba_3.dir/Startup/startup_stm32l476rgtx.s.obj
 .text          0x00000000        0x0 D:/STM32CubeCLT_1.16.0/GNU-tools-for-STM32/bin/../lib/gcc/arm-none-eabi/12.3.1/thumb/v7e-m+fp/hard/crtend.o
 .data          0x00000000        0x0 D:/STM32CubeCLT_1.16.0/GNU-tools-for-STM32/bin/../lib/gcc/arm-none-eabi/12.3.1/thumb/v7e-m+fp/hard/crtend.o
 .bss           0x00000000        0x0 D:/STM32CubeCLT_1.16.0/GNU-tools-for-STM32/bin/../lib/gcc/arm-none-eabi/12.3.1/thumb/v7e-m+fp/hard/crtend.o
 .rodata        0x00000000       0x24 D:/STM32CubeCLT_1.16.0/GNU-tools-for-STM32/bin/../lib/gcc/arm-none-eabi/12.3.1/thumb/v7e-m+fp/hard/crtend.o
 .eh_frame      0x00000000        0x4 D:/STM32CubeCLT_1.16.0/GNU-tools-for-STM32/bin/../lib/gcc/arm-none-eabi/12.3.1/thumb/v7e-m+fp/hard/crtend.o
 .ARM.attributes
                0x00000000       0x34 D:/STM32CubeCLT_1.16.0/GNU-tools-for-STM32/bin/../lib/gcc/arm-none-eabi/12.3.1/thumb/v7e-m+fp/hard/crtend.o
 .text          0x00000000        0x0 D:/STM32CubeCLT_1.16.0/GNU-tools-for-STM32/bin/../lib/gcc/arm-none-eabi/12.3.1/thumb/v7e-m+fp/hard/crtn.o
 .data          0x00000000        0x0 D:/STM32CubeCLT_1.16.0/GNU-tools-for-STM32/bin/../lib/gcc/arm-none-eabi/12.3.1/thumb/v7e-m+fp/hard/crtn.o
 .bss           0x00000000        0x0 D:/STM32CubeCLT_1.16.0/GNU-tools-for-STM32/bin/../lib/gcc/arm-none-eabi/12.3.1/thumb/v7e-m+fp/hard/crtn.o

Memory Configuration

Name             Origin             Length             Attributes
SRAM2            0x10000000         0x00008000         xrw
RAM              0x20000000         0x00018000         xrw
FLASH            0x08000000         0x00100000         xr
*default*        0x00000000         0xffffffff

Linker script and memory map

LOAD D:/STM32CubeCLT_1.16.0/GNU-tools-for-STM32/bin/../lib/gcc/arm-none-eabi/12.3.1/thumb/v7e-m+fp/hard/crti.o
LOAD D:/STM32CubeCLT_1.16.0/GNU-tools-for-STM32/bin/../lib/gcc/arm-none-eabi/12.3.1/thumb/v7e-m+fp/hard/crtbegin.o
LOAD D:/STM32CubeCLT_1.16.0/GNU-tools-for-STM32/bin/../lib/gcc/arm-none-eabi/12.3.1/../../../../arm-none-eabi/lib/thumb/v7e-m+fp/hard/crt0.o
START GROUP
LOAD D:/STM32CubeCLT_1.16.0/GNU-tools-for-STM32/bin/../lib/gcc/arm-none-eabi/12.3.1/../../../../arm-none-eabi/lib/thumb/v7e-m+fp/hard\libc.a
LOAD D:/STM32CubeCLT_1.16.0/GNU-tools-for-STM32/bin/../lib/gcc/arm-none-eabi/12.3.1/../../../../arm-none-eabi/lib/thumb/v7e-m+fp/hard\libm.a
LOAD D:/STM32CubeCLT_1.16.0/GNU-tools-for-STM32/bin/../lib/gcc/arm-none-eabi/12.3.1/../../../../arm-none-eabi/lib/thumb/v7e-m+fp/hard\libstdc++.a
LOAD D:/STM32CubeCLT_1.16.0/GNU-tools-for-STM32/bin/../lib/gcc/arm-none-eabi/12.3.1/../../../../arm-none-eabi/lib/thumb/v7e-m+fp/hard\libsupc++.a
END GROUP
LOAD CMakeFiles/Prueba_3.dir/Src/main.c.obj
LOAD CMakeFiles/Prueba_3.dir/Src/syscall.c.obj
LOAD CMakeFiles/Prueba_3.dir/Src/sysmem.c.obj
LOAD CMakeFiles/Prueba_3.dir/Startup/startup_stm32l476rgtx.s.obj
START GROUP
LOAD D:/STM32CubeCLT_1.16.0/GNU-tools-for-STM32/bin/../lib/gcc/arm-none-eabi/12.3.1/thumb/v7e-m+fp/hard\libgcc.a
LOAD D:/STM32CubeCLT_1.16.0/GNU-tools-for-STM32/bin/../lib/gcc/arm-none-eabi/12.3.1/../../../../arm-none-eabi/lib/thumb/v7e-m+fp/hard\libg.a
LOAD D:/STM32CubeCLT_1.16.0/GNU-tools-for-STM32/bin/../lib/gcc/arm-none-eabi/12.3.1/../../../../arm-none-eabi/lib/thumb/v7e-m+fp/hard\libc.a
END GROUP
START GROUP
LOAD D:/STM32CubeCLT_1.16.0/GNU-tools-for-STM32/bin/../lib/gcc/arm-none-eabi/12.3.1/thumb/v7e-m+fp/hard\libgcc.a
LOAD D:/STM32CubeCLT_1.16.0/GNU-tools-for-STM32/bin/../lib/gcc/arm-none-eabi/12.3.1/../../../../arm-none-eabi/lib/thumb/v7e-m+fp/hard\libc.a
LOAD D:/STM32CubeCLT_1.16.0/GNU-tools-for-STM32/bin/../lib/gcc/arm-none-eabi/12.3.1/../../../../arm-none-eabi/lib/thumb/v7e-m+fp/hard\libnosys.a
END GROUP
LOAD D:/STM32CubeCLT_1.16.0/GNU-tools-for-STM32/bin/../lib/gcc/arm-none-eabi/12.3.1/thumb/v7e-m+fp/hard/crtend.o
LOAD D:/STM32CubeCLT_1.16.0/GNU-tools-for-STM32/bin/../lib/gcc/arm-none-eabi/12.3.1/thumb/v7e-m+fp/hard/crtn.o
                0x20018000                        _estack = (ORIGIN (RAM) + LENGTH (RAM))
                0x00000200                        _Min_Heap_Size = 0x200
                0x00000400                        _Min_Stack_Size = 0x400

.isr_vector     0x08000000      0x184
                0x08000000                        . = ALIGN (0x4)
 *(.isr_vector)
 .isr_vector    0x08000000      0x184 CMakeFiles/Prueba_3.dir/Startup/startup_stm32l476rgtx.s.obj
                0x08000000                g_pfnVectors
                0x08000184                        . = ALIGN (0x4)

.text           0x08000184      0x2ac
                0x08000184                        . = ALIGN (0x4)
 *(.text)
 .text          0x08000184       0x40 D:/STM32CubeCLT_1.16.0/GNU-tools-for-STM32/bin/../lib/gcc/arm-none-eabi/12.3.1/thumb/v7e-m+fp/hard/crtbegin.o
 *(.text*)
 .text.__libc_init_array
                0x080001c4       0x48 D:/STM32CubeCLT_1.16.0/GNU-tools-for-STM32/bin/../lib/gcc/arm-none-eabi/12.3.1/../../../../arm-none-eabi/lib/thumb/v7e-m+fp/hard\libc.a(libc_a-init.o)
                0x080001c4                __libc_init_array
 .text.__retarget_lock_acquire_recursive
                0x0800020c        0x2 D:/STM32CubeCLT_1.16.0/GNU-tools-for-STM32/bin/../lib/gcc/arm-none-eabi/12.3.1/../../../../arm-none-eabi/lib/thumb/v7e-m+fp/hard\libc.a(libc_a-lock.o)
                0x0800020c                __retarget_lock_acquire_recursive
 .text.__retarget_lock_release_recursive
                0x0800020e        0x2 D:/STM32CubeCLT_1.16.0/GNU-tools-for-STM32/bin/../lib/gcc/arm-none-eabi/12.3.1/../../../../arm-none-eabi/lib/thumb/v7e-m+fp/hard\libc.a(libc_a-lock.o)
                0x0800020e                __retarget_lock_release_recursive
 .text.startup.register_fini
                0x08000210       0x14 D:/STM32CubeCLT_1.16.0/GNU-tools-for-STM32/bin/../lib/gcc/arm-none-eabi/12.3.1/../../../../arm-none-eabi/lib/thumb/v7e-m+fp/hard\libc.a(libc_a-__call_atexit.o)
 .text.atexit   0x08000224        0xc D:/STM32CubeCLT_1.16.0/GNU-tools-for-STM32/bin/../lib/gcc/arm-none-eabi/12.3.1/../../../../arm-none-eabi/lib/thumb/v7e-m+fp/hard\libc.a(libc_a-atexit.o)
                0x08000224                atexit
 .text.__libc_fini_array
                0x08000230       0x28 D:/STM32CubeCLT_1.16.0/GNU-tools-for-STM32/bin/../lib/gcc/arm-none-eabi/12.3.1/../../../../arm-none-eabi/lib/thumb/v7e-m+fp/hard\libc.a(libc_a-fini.o)
                0x08000230                __libc_fini_array
 .text.__register_exitproc
                0x08000258       0x80 D:/STM32CubeCLT_1.16.0/GNU-tools-for-STM32/bin/../lib/gcc/arm-none-eabi/12.3.1/../../../../arm-none-eabi/lib/thumb/v7e-m+fp/hard\libc.a(libc_a-__atexit.o)
                0x08000258                __register_exitproc
 .text.init_ms_counter
                0x080002d8        0xc CMakeFiles/Prueba_3.dir/Src/main.c.obj
                0x080002d8                init_ms_counter
 .text.configure_systick_and_start
                0x080002e4       0x14 CMakeFiles/Prueba_3.dir/Src/main.c.obj
                0x080002e4                configure_systick_and_start
 .text.configure_gpio
                0x080002f8       0x40 CMakeFiles/Prueba_3.dir/Src/main.c.obj
                0x080002f8                configure_gpio
 .text.toggle_led
                0x08000338       0x24 CMakeFiles/Prueba_3.dir/Src/main.c.obj
                0x08000338                toggle_led
 .text.main     0x0800035c       0x68 CMakeFiles/Prueba_3.dir/Src/main.c.obj
                0x0800035c                main
 .text.Reset_Handler
                0x080003c4       0x50 CMakeFiles/Prueba_3.dir/Startup/startup_stm32l476rgtx.s.obj
                0x080003c4                Reset_Handler
 .text.Default_Handler
                0x08000414        0x2 CMakeFiles/Prueba_3.dir/Startup/startup_stm32l476rgtx.s.obj
                0x08000414                EXTI2_IRQHandler
                0x08000414                TIM8_TRG_COM_IRQHandler
                0x08000414                TIM8_CC_IRQHandler
                0x08000414                DMA1_CH4_IRQHandler
                0x08000414                TIM1_CC_IRQHandler
                0x08000414                TSC_IRQHandler
                0x08000414                HardFault_Handler
                0x08000414                SysTick_Handler
                0x08000414                TAMP_STAMP_IRQHandler
                0x08000414                PendSV_Handler
                0x08000414                NMI_Handler
                0x08000414                EXTI3_IRQHandler
                0x08000414                LPTIM2_IRQHandler
                0x08000414                DFSDM1_FLT1_IRQHandler
                0x08000414                I2C3_ER_IRQHandler
                0x08000414                DFSDM1_FLT2_IRQHandler
                0x08000414                TIM6_DACUNDER_IRQHandler
                0x08000414                EXTI0_IRQHandler
                0x08000414                I2C2_EV_IRQHandler
                0x08000414                DMA2_CH1_IRQHandler
                0x08000414                CAN1_RX0_IRQHandler
                0x08000414                TIM1_UP_TIM16_IRQHandler
                0x08000414                DMA2_CH7_IRQHandler
                0x08000414                UsageFault_Handler
                0x08000414                ADC1_2_IRQHandler
                0x08000414                SPI1_IRQHandler
                0x08000414                DMA1_CH7_IRQHandler
                0x08000414                TIM8_UP_IRQHandler
                0x08000414                RTC_ALARM_IRQHandler
                0x08000414                SAI2_IRQHandler
                0x08000414                DFSDM1_FLT3_IRQHandler
                0x08000414                DMA1_CH6_IRQHandler
                0x08000414                USART3_IRQHandler
                0x08000414                CAN1_RX1_IRQHandler
                0x08000414                LCD_IRQHandler
                0x08000414                UART5_IRQHandler
                0x08000414                ADC3_IRQHandler
                0x08000414                TIM4_IRQHandler
                0x08000414                QUADSPI_IRQHandler
                0x08000414                I2C1_EV_IRQHandler
                0x08000414                DMA2_CH5_IRQHandler
                0x08000414                UART4_IRQHandler
                0x08000414                DMA1_CH3_IRQHandler
                0x08000414                TIM3_IRQHandler
                0x08000414                RCC_IRQHandler
                0x08000414                Default_Handler
                0x08000414                EXTI15_10_IRQHandler
                0x08000414                TIM7_IRQHandler
                0x08000414                SDMMC1_IRQHandler
                0x08000414                TIM5_IRQHandler
                0x08000414                I2C3_EV_IRQHandler
                0x08000414                EXTI9_5_IRQHandler
                0x08000414                DMA1_CH2_IRQHandler
                0x08000414                RTC_WKUP_IRQHandler
                0x08000414                PVD_PVM_IRQHandler
                0x08000414                SPI2_IRQHandler
                0x08000414                DMA1_CH1_IRQHandler
                0x08000414                MemManage_Handler
                0x08000414                CAN1_TX_IRQHandler
                0x08000414                SVC_Handler
                0x08000414                EXTI4_IRQHandler
                0x08000414                RNG_IRQHandler
                0x08000414                TIM1_TRG_COM_TIM17_IRQHandler
                0x08000414                COMP_IRQHandler
                0x08000414                WWDG_IRQHandler
                0x08000414                LPUART1_IRQHandler
                0x08000414                TIM2_IRQHandler
                0x08000414                EXTI1_IRQHandler
                0x08000414                AES_IRQHandler
                0x08000414                USART2_IRQHandler
                0x08000414                DFSDM1_FLT0_IRQHandler
                0x08000414                I2C2_ER_IRQHandler
                0x08000414                TIM8_BRK_IRQHandler
                0x08000414                CAN1_SCE_IRQHandler
                0x08000414                FLASH_IRQHandler
                0x08000414                BusFault_Handler
                0x08000414                USART1_IRQHandler
                0x08000414                OTG_FS_IRQHandler
                0x08000414                SPI3_IRQHandler
                0x08000414                DMA2_CH6_IRQHandler
                0x08000414                DMA2_CH3_IRQHandler
                0x08000414                DMA2_CH2_IRQHandler
                0x08000414                I2C1_ER_IRQHandler
                0x08000414                FMC_IRQHandler
                0x08000414                DMA1_CH5_IRQHandler
                0x08000414                DMA2_CH4_IRQHandler
                0x08000414                SWPMI1_IRQHandler
                0x08000414                LPTIM1_IRQHandler
                0x08000414                SAI1_IRQHandler
                0x08000414                TIM1_BRK_TIM15_IRQHandler
 *(.glue_7)
 .glue_7        0x08000416        0x0 linker stubs
 *(.glue_7t)
 .glue_7t       0x08000416        0x0 linker stubs
 *(.eh_frame)
 *fill*         0x08000416        0x2 
 .eh_frame      0x08000418        0x0 D:/STM32CubeCLT_1.16.0/GNU-tools-for-STM32/bin/../lib/gcc/arm-none-eabi/12.3.1/thumb/v7e-m+fp/hard/crtbegin.o
 *(.init)
 .init          0x08000418        0x4 D:/STM32CubeCLT_1.16.0/GNU-tools-for-STM32/bin/../lib/gcc/arm-none-eabi/12.3.1/thumb/v7e-m+fp/hard/crti.o
                0x08000418                _init
 .init          0x0800041c        0x8 D:/STM32CubeCLT_1.16.0/GNU-tools-for-STM32/bin/../lib/gcc/arm-none-eabi/12.3.1/thumb/v7e-m+fp/hard/crtn.o
 *(.fini)
 .fini          0x08000424        0x4 D:/STM32CubeCLT_1.16.0/GNU-tools-for-STM32/bin/../lib/gcc/arm-none-eabi/12.3.1/thumb/v7e-m+fp/hard/crti.o
                0x08000424                _fini
 .fini          0x08000428        0x8 D:/STM32CubeCLT_1.16.0/GNU-tools-for-STM32/bin/../lib/gcc/arm-none-eabi/12.3.1/thumb/v7e-m+fp/hard/crtn.o
                0x08000430                        . = ALIGN (0x4)
                0x08000430                        _etext = .

.vfp11_veneer   0x08000430        0x0
 .vfp11_veneer  0x08000430        0x0 linker stubs

.v4_bx          0x08000430        0x0
 .v4_bx         0x08000430        0x0 linker stubs

.iplt           0x08000430        0x0
 .iplt          0x08000430        0x0 D:/STM32CubeCLT_1.16.0/GNU-tools-for-STM32/bin/../lib/gcc/arm-none-eabi/12.3.1/thumb/v7e-m+fp/hard/crtbegin.o

.rodata         0x08000430        0x0
                0x08000430                        . = ALIGN (0x4)
 *(.rodata)
 *(.rodata*)
                0x08000430                        . = ALIGN (0x4)

.ARM.extab      0x08000430        0x0
                0x08000430                        . = ALIGN (0x4)
 *(.ARM.extab* .gnu.linkonce.armextab.*)
                0x08000430                        . = ALIGN (0x4)

.ARM            0x08000430        0x0
                0x08000430                        . = ALIGN (0x4)
                0x08000430                        __exidx_start = .
 *(.ARM.exidx*)
                0x08000430                        __exidx_end = .
                0x08000430                        . = ALIGN (0x4)

.preinit_array  0x08000430        0x0
                0x08000430                        . = ALIGN (0x4)
                0x08000430                        PROVIDE (__preinit_array_start = .)
 *(.preinit_array*)
                0x08000430                        PROVIDE (__preinit_array_end = .)
                0x08000430                        . = ALIGN (0x4)

.init_array     0x08000430        0x8
                0x08000430                        . = ALIGN (0x4)
                0x08000430                        PROVIDE (__init_array_start = .)
 *(SORT_BY_NAME(.init_array.*))
 .init_array.00000
                0x08000430        0x4 D:/STM32CubeCLT_1.16.0/GNU-tools-for-STM32/bin/../lib/gcc/arm-none-eabi/12.3.1/../../../../arm-none-eabi/lib/thumb/v7e-m+fp/hard\libc.a(libc_a-__call_atexit.o)
 *(.init_array*)
 .init_array    0x08000434        0x4 D:/STM32CubeCLT_1.16.0/GNU-tools-for-STM32/bin/../lib/gcc/arm-none-eabi/12.3.1/thumb/v7e-m+fp/hard/crtbegin.o
                0x08000438                        PROVIDE (__init_array_end = .)
                0x08000438                        . = ALIGN (0x4)

.fini_array     0x08000438        0x4
                0x08000438                        . = ALIGN (0x4)
                0x08000438                        PROVIDE (__fini_array_start = .)
 *(SORT_BY_NAME(.fini_array.*))
 *(.fini_array*)
 .fini_array    0x08000438        0x4 D:/STM32CubeCLT_1.16.0/GNU-tools-for-STM32/bin/../lib/gcc/arm-none-eabi/12.3.1/thumb/v7e-m+fp/hard/crtbegin.o
                0x0800043c                        PROVIDE (__fini_array_end = .)
                0x0800043c                        . = ALIGN (0x4)
                0x0800043c                        _sidata = LOADADDR (.data)

.rel.dyn        0x0800043c        0x0
 .rel.iplt      0x0800043c        0x0 D:/STM32CubeCLT_1.16.0/GNU-tools-for-STM32/bin/../lib/gcc/arm-none-eabi/12.3.1/thumb/v7e-m+fp/hard/crtbegin.o

.data           0x20000000        0x8 load address 0x0800043c
                0x20000000                        . = ALIGN (0x4)
                0x20000000                        _sdata = .
 *(.data)
 *(.data*)
 .data.__atexit_recursive_mutex
                0x20000000        0x4 D:/STM32CubeCLT_1.16.0/GNU-tools-for-STM32/bin/../lib/gcc/arm-none-eabi/12.3.1/../../../../arm-none-eabi/lib/thumb/v7e-m+fp/hard\libc.a(libc_a-__call_atexit.o)
                0x20000000                __atexit_recursive_mutex
 .data.control  0x20000004        0x4 CMakeFiles/Prueba_3.dir/Src/main.c.obj
                0x20000004                control
 *(.RamFunc)
 *(.RamFunc*)
                0x20000008                        . = ALIGN (0x4)
                0x20000008                        _edata = .

.igot.plt       0x20000008        0x0 load address 0x08000444
 .igot.plt      0x20000008        0x0 D:/STM32CubeCLT_1.16.0/GNU-tools-for-STM32/bin/../lib/gcc/arm-none-eabi/12.3.1/thumb/v7e-m+fp/hard/crtbegin.o
                0x20000008                        . = ALIGN (0x4)

.bss            0x20000008      0x1b8 load address 0x08000444
                0x20000008                        _sbss = .
                0x20000008                        __bss_start__ = _sbss
 *(.bss)
 .bss           0x20000008       0x1c D:/STM32CubeCLT_1.16.0/GNU-tools-for-STM32/bin/../lib/gcc/arm-none-eabi/12.3.1/thumb/v7e-m+fp/hard/crtbegin.o
 *(.bss*)
 .bss.__lock___atexit_recursive_mutex
                0x20000024        0x1 D:/STM32CubeCLT_1.16.0/GNU-tools-for-STM32/bin/../lib/gcc/arm-none-eabi/12.3.1/../../../../arm-none-eabi/lib/thumb/v7e-m+fp/hard\libc.a(libc_a-lock.o)
                0x20000024                __lock___atexit_recursive_mutex
 *fill*         0x20000025        0x3 
 .bss.__atexit  0x20000028        0x4 D:/STM32CubeCLT_1.16.0/GNU-tools-for-STM32/bin/../lib/gcc/arm-none-eabi/12.3.1/../../../../arm-none-eabi/lib/thumb/v7e-m+fp/hard\libc.a(libc_a-__call_atexit.o)
                0x20000028                __atexit
 .bss.__atexit0
                0x2000002c      0x190 D:/STM32CubeCLT_1.16.0/GNU-tools-for-STM32/bin/../lib/gcc/arm-none-eabi/12.3.1/../../../../arm-none-eabi/lib/thumb/v7e-m+fp/hard\libc.a(libc_a-__atexit.o)
                0x2000002c                __atexit0
 .bss.ms_counter
                0x200001bc        0x4 CMakeFiles/Prueba_3.dir/Src/main.c.obj
                0x200001bc                ms_counter
 *(COMMON)
                0x200001c0                        . = ALIGN (0x4)
                0x200001c0                        _ebss = .
                0x200001c0                        __bss_end__ = _ebss

._user_heap_stack
                0x200001c0      0x600 load address 0x08000444
                0x200001c0                        . = ALIGN (0x8)
                [!provide]                        PROVIDE (end = .)
                0x200001c0                        PROVIDE (_end = .)
                0x200003c0                        . = (. + _Min_Heap_Size)
 *fill*         0x200001c0      0x200 
                0x200007c0                        . = (. + _Min_Stack_Size)
 *fill*         0x200003c0      0x400 
                0x200007c0                        . = ALIGN (0x8)

/DISCARD/
 libc.a(*)
 libm.a(*)
 libgcc.a(*)

.ARM.attributes
                0x00000000       0x30
 *(.ARM.attributes)
 .ARM.attributes
                0x00000000       0x22 D:/STM32CubeCLT_1.16.0/GNU-tools-for-STM32/bin/../lib/gcc/arm-none-eabi/12.3.1/thumb/v7e-m+fp/hard/crti.o
 .ARM.attributes
                0x00000022       0x34 D:/STM32CubeCLT_1.16.0/GNU-tools-for-STM32/bin/../lib/gcc/arm-none-eabi/12.3.1/thumb/v7e-m+fp/hard/crtbegin.o
 .ARM.attributes
                0x00000056       0x34 D:/STM32CubeCLT_1.16.0/GNU-tools-for-STM32/bin/../lib/gcc/arm-none-eabi/12.3.1/../../../../arm-none-eabi/lib/thumb/v7e-m+fp/hard\libc.a(libc_a-init.o)
 .ARM.attributes
                0x0000008a       0x34 D:/STM32CubeCLT_1.16.0/GNU-tools-for-STM32/bin/../lib/gcc/arm-none-eabi/12.3.1/../../../../arm-none-eabi/lib/thumb/v7e-m+fp/hard\libc.a(libc_a-lock.o)
 .ARM.attributes
                0x000000be       0x34 D:/STM32CubeCLT_1.16.0/GNU-tools-for-STM32/bin/../lib/gcc/arm-none-eabi/12.3.1/../../../../arm-none-eabi/lib/thumb/v7e-m+fp/hard\libc.a(libc_a-__call_atexit.o)
 .ARM.attributes
                0x000000f2       0x34 D:/STM32CubeCLT_1.16.0/GNU-tools-for-STM32/bin/../lib/gcc/arm-none-eabi/12.3.1/../../../../arm-none-eabi/lib/thumb/v7e-m+fp/hard\libc.a(libc_a-atexit.o)
 .ARM.attributes
                0x00000126       0x34 D:/STM32CubeCLT_1.16.0/GNU-tools-for-STM32/bin/../lib/gcc/arm-none-eabi/12.3.1/../../../../arm-none-eabi/lib/thumb/v7e-m+fp/hard\libc.a(libc_a-fini.o)
 .ARM.attributes
                0x0000015a       0x34 D:/STM32CubeCLT_1.16.0/GNU-tools-for-STM32/bin/../lib/gcc/arm-none-eabi/12.3.1/../../../../arm-none-eabi/lib/thumb/v7e-m+fp/hard\libc.a(libc_a-__atexit.o)
 .ARM.attributes
                0x0000018e       0x34 CMakeFiles/Prueba_3.dir/Src/main.c.obj
 .ARM.attributes
                0x000001c2       0x21 CMakeFiles/Prueba_3.dir/Startup/startup_stm32l476rgtx.s.obj
 .ARM.attributes
                0x000001e3       0x22 D:/STM32CubeCLT_1.16.0/GNU-tools-for-STM32/bin/../lib/gcc/arm-none-eabi/12.3.1/thumb/v7e-m+fp/hard/crtn.o
OUTPUT(Prueba_3.elf elf32-littlearm)
LOAD linker stubs
LOAD D:/STM32CubeCLT_1.16.0/GNU-tools-for-STM32/bin/../lib/gcc/arm-none-eabi/12.3.1/../../../../arm-none-eabi/lib/thumb/v7e-m+fp/hard\libc.a
LOAD D:/STM32CubeCLT_1.16.0/GNU-tools-for-STM32/bin/../lib/gcc/arm-none-eabi/12.3.1/../../../../arm-none-eabi/lib/thumb/v7e-m+fp/hard\libm.a
LOAD D:/STM32CubeCLT_1.16.0/GNU-tools-for-STM32/bin/../lib/gcc/arm-none-eabi/12.3.1/thumb/v7e-m+fp/hard\libgcc.a

.debug_frame    0x00000000      0x228
 .debug_frame   0x00000000       0x2c D:/STM32CubeCLT_1.16.0/GNU-tools-for-STM32/bin/../lib/gcc/arm-none-eabi/12.3.1/../../../../arm-none-eabi/lib/thumb/v7e-m+fp/hard\libc.a(libc_a-init.o)
 .debug_frame   0x0000002c       0xb0 D:/STM32CubeCLT_1.16.0/GNU-tools-for-STM32/bin/../lib/gcc/arm-none-eabi/12.3.1/../../../../arm-none-eabi/lib/thumb/v7e-m+fp/hard\libc.a(libc_a-lock.o)
 .debug_frame   0x000000dc       0x58 D:/STM32CubeCLT_1.16.0/GNU-tools-for-STM32/bin/../lib/gcc/arm-none-eabi/12.3.1/../../../../arm-none-eabi/lib/thumb/v7e-m+fp/hard\libc.a(libc_a-__call_atexit.o)
 .debug_frame   0x00000134       0x20 D:/STM32CubeCLT_1.16.0/GNU-tools-for-STM32/bin/../lib/gcc/arm-none-eabi/12.3.1/../../../../arm-none-eabi/lib/thumb/v7e-m+fp/hard\libc.a(libc_a-atexit.o)
 .debug_frame   0x00000154       0x38 D:/STM32CubeCLT_1.16.0/GNU-tools-for-STM32/bin/../lib/gcc/arm-none-eabi/12.3.1/../../../../arm-none-eabi/lib/thumb/v7e-m+fp/hard\libc.a(libc_a-fini.o)
 .debug_frame   0x0000018c       0x34 D:/STM32CubeCLT_1.16.0/GNU-tools-for-STM32/bin/../lib/gcc/arm-none-eabi/12.3.1/../../../../arm-none-eabi/lib/thumb/v7e-m+fp/hard\libc.a(libc_a-__atexit.o)
 .debug_frame   0x000001c0       0x68 CMakeFiles/Prueba_3.dir/Src/main.c.obj

.debug_info     0x00000000      0x15f
 .debug_info    0x00000000      0x12f CMakeFiles/Prueba_3.dir/Src/main.c.obj
 .debug_info    0x0000012f       0x30 CMakeFiles/Prueba_3.dir/Startup/startup_stm32l476rgtx.s.obj

.debug_abbrev   0x00000000       0xbb
 .debug_abbrev  0x00000000       0x97 CMakeFiles/Prueba_3.dir/Src/main.c.obj
 .debug_abbrev  0x00000097       0x24 CMakeFiles/Prueba_3.dir/Startup/startup_stm32l476rgtx.s.obj

.debug_aranges  0x00000000       0x68
 .debug_aranges
                0x00000000       0x40 CMakeFiles/Prueba_3.dir/Src/main.c.obj
 .debug_aranges
                0x00000040       0x28 CMakeFiles/Prueba_3.dir/Startup/startup_stm32l476rgtx.s.obj

.debug_rnglists
                0x00000000       0x44
 .debug_rnglists
                0x00000000       0x2b CMakeFiles/Prueba_3.dir/Src/main.c.obj
 .debug_rnglists
                0x0000002b       0x19 CMakeFiles/Prueba_3.dir/Startup/startup_stm32l476rgtx.s.obj

.debug_macro    0x00000000      0xfac
 .debug_macro   0x00000000       0xb7 CMakeFiles/Prueba_3.dir/Src/main.c.obj
 .debug_macro   0x000000b7      0xaa8 CMakeFiles/Prueba_3.dir/Src/main.c.obj
 .debug_macro   0x00000b5f       0x22 CMakeFiles/Prueba_3.dir/Src/main.c.obj
 .debug_macro   0x00000b81       0x8e CMakeFiles/Prueba_3.dir/Src/main.c.obj
 .debug_macro   0x00000c0f       0x51 CMakeFiles/Prueba_3.dir/Src/main.c.obj
 .debug_macro   0x00000c60      0x103 CMakeFiles/Prueba_3.dir/Src/main.c.obj
 .debug_macro   0x00000d63       0x6a CMakeFiles/Prueba_3.dir/Src/main.c.obj
 .debug_macro   0x00000dcd      0x1df CMakeFiles/Prueba_3.dir/Src/main.c.obj

.debug_line     0x00000000      0x41b
 .debug_line    0x00000000      0x3a0 CMakeFiles/Prueba_3.dir/Src/main.c.obj
 .debug_line    0x000003a0       0x7b CMakeFiles/Prueba_3.dir/Startup/startup_stm32l476rgtx.s.obj

.debug_str      0x00000000     0x3e7e
 .debug_str     0x00000000     0x3e05 CMakeFiles/Prueba_3.dir/Src/main.c.obj
                               0x3f74 (size before relaxing)
 .debug_str     0x00003e05       0x79 CMakeFiles/Prueba_3.dir/Startup/startup_stm32l476rgtx.s.obj
                                 0xc2 (size before relaxing)

.comment        0x00000000       0x43
 .comment       0x00000000       0x43 CMakeFiles/Prueba_3.dir/Src/main.c.obj
                                 0x44 (size before relaxing)

.debug_line_str
                0x00000000       0xa6
 .debug_line_str
                0x00000000       0xa6 CMakeFiles/Prueba_3.dir/Startup/startup_stm32l476rgtx.s.obj
