Archive member included to satisfy reference by file (symbol)

C:/ST/STM32CubeCLT_1.16.0/GNU-tools-for-STM32/bin/../lib/gcc/arm-none-eabi/12.3.1/../../../../arm-none-eabi/lib/thumb/v7e-m+fp/hard\libc.a(libc_a-exit.o)
                              C:/ST/STM32CubeCLT_1.16.0/GNU-tools-for-STM32/bin/../lib/gcc/arm-none-eabi/12.3.1/../../../../arm-none-eabi/lib/thumb/v7e-m+fp/hard/crt0.o (exit)
C:/ST/STM32CubeCLT_1.16.0/GNU-tools-for-STM32/bin/../lib/gcc/arm-none-eabi/12.3.1/../../../../arm-none-eabi/lib/thumb/v7e-m+fp/hard\libc.a(libc_a-findfp.o)
                              C:/ST/STM32CubeCLT_1.16.0/GNU-tools-for-STM32/bin/../lib/gcc/arm-none-eabi/12.3.1/../../../../arm-none-eabi/lib/thumb/v7e-m+fp/hard\libc.a(libc_a-exit.o) (__stdio_exit_handler)
C:/ST/STM32CubeCLT_1.16.0/GNU-tools-for-STM32/bin/../lib/gcc/arm-none-eabi/12.3.1/../../../../arm-none-eabi/lib/thumb/v7e-m+fp/hard\libc.a(libc_a-fwalk.o)
                              C:/ST/STM32CubeCLT_1.16.0/GNU-tools-for-STM32/bin/../lib/gcc/arm-none-eabi/12.3.1/../../../../arm-none-eabi/lib/thumb/v7e-m+fp/hard\libc.a(libc_a-findfp.o) (_fwalk_sglue)
C:/ST/STM32CubeCLT_1.16.0/GNU-tools-for-STM32/bin/../lib/gcc/arm-none-eabi/12.3.1/../../../../arm-none-eabi/lib/thumb/v7e-m+fp/hard\libc.a(libc_a-stdio.o)
                              C:/ST/STM32CubeCLT_1.16.0/GNU-tools-for-STM32/bin/../lib/gcc/arm-none-eabi/12.3.1/../../../../arm-none-eabi/lib/thumb/v7e-m+fp/hard\libc.a(libc_a-findfp.o) (__sread)
C:/ST/STM32CubeCLT_1.16.0/GNU-tools-for-STM32/bin/../lib/gcc/arm-none-eabi/12.3.1/../../../../arm-none-eabi/lib/thumb/v7e-m+fp/hard\libc.a(libc_a-memset.o)
                              C:/ST/STM32CubeCLT_1.16.0/GNU-tools-for-STM32/bin/../lib/gcc/arm-none-eabi/12.3.1/../../../../arm-none-eabi/lib/thumb/v7e-m+fp/hard/crt0.o (memset)
C:/ST/STM32CubeCLT_1.16.0/GNU-tools-for-STM32/bin/../lib/gcc/arm-none-eabi/12.3.1/../../../../arm-none-eabi/lib/thumb/v7e-m+fp/hard\libc.a(libc_a-closer.o)
                              C:/ST/STM32CubeCLT_1.16.0/GNU-tools-for-STM32/bin/../lib/gcc/arm-none-eabi/12.3.1/../../../../arm-none-eabi/lib/thumb/v7e-m+fp/hard\libc.a(libc_a-stdio.o) (_close_r)
C:/ST/STM32CubeCLT_1.16.0/GNU-tools-for-STM32/bin/../lib/gcc/arm-none-eabi/12.3.1/../../../../arm-none-eabi/lib/thumb/v7e-m+fp/hard\libc.a(libc_a-reent.o)
                              C:/ST/STM32CubeCLT_1.16.0/GNU-tools-for-STM32/bin/../lib/gcc/arm-none-eabi/12.3.1/../../../../arm-none-eabi/lib/thumb/v7e-m+fp/hard\libc.a(libc_a-closer.o) (errno)
C:/ST/STM32CubeCLT_1.16.0/GNU-tools-for-STM32/bin/../lib/gcc/arm-none-eabi/12.3.1/../../../../arm-none-eabi/lib/thumb/v7e-m+fp/hard\libc.a(libc_a-impure.o)
                              C:/ST/STM32CubeCLT_1.16.0/GNU-tools-for-STM32/bin/../lib/gcc/arm-none-eabi/12.3.1/../../../../arm-none-eabi/lib/thumb/v7e-m+fp/hard\libc.a(libc_a-reent.o) (_impure_ptr)
C:/ST/STM32CubeCLT_1.16.0/GNU-tools-for-STM32/bin/../lib/gcc/arm-none-eabi/12.3.1/../../../../arm-none-eabi/lib/thumb/v7e-m+fp/hard\libc.a(libc_a-lseekr.o)
                              C:/ST/STM32CubeCLT_1.16.0/GNU-tools-for-STM32/bin/../lib/gcc/arm-none-eabi/12.3.1/../../../../arm-none-eabi/lib/thumb/v7e-m+fp/hard\libc.a(libc_a-stdio.o) (_lseek_r)
C:/ST/STM32CubeCLT_1.16.0/GNU-tools-for-STM32/bin/../lib/gcc/arm-none-eabi/12.3.1/../../../../arm-none-eabi/lib/thumb/v7e-m+fp/hard\libc.a(libc_a-readr.o)
                              C:/ST/STM32CubeCLT_1.16.0/GNU-tools-for-STM32/bin/../lib/gcc/arm-none-eabi/12.3.1/../../../../arm-none-eabi/lib/thumb/v7e-m+fp/hard\libc.a(libc_a-stdio.o) (_read_r)
C:/ST/STM32CubeCLT_1.16.0/GNU-tools-for-STM32/bin/../lib/gcc/arm-none-eabi/12.3.1/../../../../arm-none-eabi/lib/thumb/v7e-m+fp/hard\libc.a(libc_a-writer.o)
                              C:/ST/STM32CubeCLT_1.16.0/GNU-tools-for-STM32/bin/../lib/gcc/arm-none-eabi/12.3.1/../../../../arm-none-eabi/lib/thumb/v7e-m+fp/hard\libc.a(libc_a-stdio.o) (_write_r)
C:/ST/STM32CubeCLT_1.16.0/GNU-tools-for-STM32/bin/../lib/gcc/arm-none-eabi/12.3.1/../../../../arm-none-eabi/lib/thumb/v7e-m+fp/hard\libc.a(libc_a-init.o)
                              C:/ST/STM32CubeCLT_1.16.0/GNU-tools-for-STM32/bin/../lib/gcc/arm-none-eabi/12.3.1/../../../../arm-none-eabi/lib/thumb/v7e-m+fp/hard/crt0.o (__libc_init_array)
C:/ST/STM32CubeCLT_1.16.0/GNU-tools-for-STM32/bin/../lib/gcc/arm-none-eabi/12.3.1/../../../../arm-none-eabi/lib/thumb/v7e-m+fp/hard\libc.a(libc_a-lock.o)
                              C:/ST/STM32CubeCLT_1.16.0/GNU-tools-for-STM32/bin/../lib/gcc/arm-none-eabi/12.3.1/../../../../arm-none-eabi/lib/thumb/v7e-m+fp/hard\libc.a(libc_a-findfp.o) (__retarget_lock_init_recursive)
C:/ST/STM32CubeCLT_1.16.0/GNU-tools-for-STM32/bin/../lib/gcc/arm-none-eabi/12.3.1/../../../../arm-none-eabi/lib/thumb/v7e-m+fp/hard\libc.a(libc_a-__call_atexit.o)
[...]
Memory Configuration

Name             Origin             Length             Attributes
SRAM2            0x10000000         0x00008000         xrw
RAM              0x20000000         0x00018000         xrw
FLASH            0x08000000         0x00100000         xr
*default*        0x00000000         0xffffffff

Linker script and memory map

LOAD C:/ST/STM32CubeCLT_1.16.0/GNU-tools-for-STM32/bin/../lib/gcc/arm-none-eabi/12.3.1/thumb/v7e-m+fp/hard/crti.o
LOAD C:/ST/STM32CubeCLT_1.16.0/GNU-tools-for-STM32/bin/../lib/gcc/arm-none-eabi/12.3.1/thumb/v7e-m+fp/hard/crtbegin.o
LOAD C:/ST/STM32CubeCLT_1.16.0/GNU-tools-for-STM32/bin/../lib/gcc/arm-none-eabi/12.3.1/../../../../arm-none-eabi/lib/thumb/v7e-m+fp/hard/crt0.o
START GROUP
LOAD C:/ST/STM32CubeCLT_1.16.0/GNU-tools-for-STM32/bin/../lib/gcc/arm-none-eabi/12.3.1/../../../../arm-none-eabi/lib/thumb/v7e-m+fp/hard\libc.a
LOAD C:/ST/STM32CubeCLT_1.16.0/GNU-tools-for-STM32/bin/../lib/gcc/arm-none-eabi/12.3.1/../../../../arm-none-eabi/lib/thumb/v7e-m+fp/hard\libm.a
LOAD C:/ST/STM32CubeCLT_1.16.0/GNU-tools-for-STM32/bin/../lib/gcc/arm-none-eabi/12.3.1/../../../../arm-none-eabi/lib/thumb/v7e-m+fp/hard\libstdc++.a
LOAD C:/ST/STM32CubeCLT_1.16.0/GNU-tools-for-STM32/bin/../lib/gcc/arm-none-eabi/12.3.1/../../../../arm-none-eabi/lib/thumb/v7e-m+fp/hard\libsupc++.a
END GROUP
LOAD CMakeFiles/4100901-Mid_Term_Exam-24_2.dir/Src/main.c.obj
LOAD CMakeFiles/4100901-Mid_Term_Exam-24_2.dir/Src/gpio.c.obj
LOAD CMakeFiles/4100901-Mid_Term_Exam-24_2.dir/Src/systick.c.obj
LOAD CMakeFiles/4100901-Mid_Term_Exam-24_2.dir/Src/uart.c.obj
LOAD CMakeFiles/4100901-Mid_Term_Exam-24_2.dir/Src/syscall.c.obj
LOAD CMakeFiles/4100901-Mid_Term_Exam-24_2.dir/Src/sysmem.c.obj
LOAD CMakeFiles/4100901-Mid_Term_Exam-24_2.dir/Startup/startup_stm32l476rgtx.s.obj
START GROUP
LOAD C:/ST/STM32CubeCLT_1.16.0/GNU-tools-for-STM32/bin/../lib/gcc/arm-none-eabi/12.3.1/thumb/v7e-m+fp/hard\libgcc.a
LOAD C:/ST/STM32CubeCLT_1.16.0/GNU-tools-for-STM32/bin/../lib/gcc/arm-none-eabi/12.3.1/../../../../arm-none-eabi/lib/thumb/v7e-m+fp/hard\libg.a
LOAD C:/ST/STM32CubeCLT_1.16.0/GNU-tools-for-STM32/bin/../lib/gcc/arm-none-eabi/12.3.1/../../../../arm-none-eabi/lib/thumb/v7e-m+fp/hard\libc.a
END GROUP
START GROUP
LOAD C:/ST/STM32CubeCLT_1.16.0/GNU-tools-for-STM32/bin/../lib/gcc/arm-none-eabi/12.3.1/thumb/v7e-m+fp/hard\libgcc.a
LOAD C:/ST/STM32CubeCLT_1.16.0/GNU-tools-for-STM32/bin/../lib/gcc/arm-none-eabi/12.3.1/../../../../arm-none-eabi/lib/thumb/v7e-m+fp/hard\libc.a
LOAD C:/ST/STM32CubeCLT_1.16.0/GNU-tools-for-STM32/bin/../lib/gcc/arm-none-eabi/12.3.1/../../../../arm-none-eabi/lib/thumb/v7e-m+fp/hard\libnosys.a
END GROUP
LOAD C:/ST/STM32CubeCLT_1.16.0/GNU-tools-for-STM32/bin/../lib/gcc/arm-none-eabi/12.3.1/thumb/v7e-m+fp/hard/crtend.o
LOAD C:/ST/STM32CubeCLT_1.16.0/GNU-tools-for-STM32/bin/../lib/gcc/arm-none-eabi/12.3.1/thumb/v7e-m+fp/hard/crtn.o
                0x20018000                        _estack = (ORIGIN (RAM) + LENGTH (RAM))
                0x00000200                        _Min_Heap_Size = 0x200
                0x00000400                        _Min_Stack_Size = 0x400

.isr_vector     0x08000000      0x184
                0x08000000                        . = ALIGN (0x4)
 *(.isr_vector)
 .isr_vector    0x08000000      0x184 CMakeFiles/4100901-Mid_Term_Exam-24_2.dir/Startup/startup_stm32l476rgtx.s.obj
                0x08000000                g_pfnVectors
                0x08000184                        . = ALIGN (0x4)

.text           0x08000184      0x52c
                0x08000184                        . = ALIGN (0x4)
 *(.text)
 .text          0x08000184       0x40 C:/ST/STM32CubeCLT_1.16.0/GNU-tools-for-STM32/bin/../lib/gcc/arm-none-eabi/12.3.1/thumb/v7e-m+fp/hard/crtbegin.o
 *(.text*)
 .text.__libc_init_array
                0x080001c4       0x48 C:/ST/STM32CubeCLT_1.16.0/GNU-tools-for-STM32/bin/../lib/gcc/arm-none-eabi/12.3.1/../../../../arm-none-eabi/lib/thumb/v7e-m+fp/hard\libc.a(libc_a-init.o)
                0x080001c4                __libc_init_array
 .text.__retarget_lock_acquire_recursive
                0x0800020c        0x2 C:/ST/STM32CubeCLT_1.16.0/GNU-tools-for-STM32/bin/../lib/gcc/arm-none-eabi/12.3.1/../../../../arm-none-eabi/lib/thumb/v7e-m+fp/hard\libc.a(libc_a-lock.o)
                0x0800020c                __retarget_lock_acquire_recursive
 .text.__retarget_lock_release_recursive
                0x0800020e        0x2 C:/ST/STM32CubeCLT_1.16.0/GNU-tools-for-STM32/bin/../lib/gcc/arm-none-eabi/12.3.1/../../../../arm-none-eabi/lib/thumb/v7e-m+fp/hard\libc.a(libc_a-lock.o)
                0x0800020e                __retarget_lock_release_recursive
 .text.startup.register_fini
                0x08000210       0x14 C:/ST/STM32CubeCLT_1.16.0/GNU-tools-for-STM32/bin/../lib/gcc/arm-none-eabi/12.3.1/../../../../arm-none-eabi/lib/thumb/v7e-m+fp/hard\libc.a(libc_a-__call_atexit.o)
 .text.atexit   0x08000224        0xc C:/ST/STM32CubeCLT_1.16.0/GNU-tools-for-STM32/bin/../lib/gcc/arm-none-eabi/12.3.1/../../../../arm-none-eabi/lib/thumb/v7e-m+fp/hard\libc.a(libc_a-atexit.o)
                0x08000224                atexit
 .text.__libc_fini_array
                0x08000230       0x28 C:/ST/STM32CubeCLT_1.16.0/GNU-tools-for-STM32/bin/../lib/gcc/arm-none-eabi/12.3.1/../../../../arm-none-eabi/lib/thumb/v7e-m+fp/hard\libc.a(libc_a-fini.o)
                0x08000230                __libc_fini_array
 .text.__register_exitproc
                0x08000258       0x80 C:/ST/STM32CubeCLT_1.16.0/GNU-tools-for-STM32/bin/../lib/gcc/arm-none-eabi/12.3.1/../../../../arm-none-eabi/lib/thumb/v7e-m+fp/hard\libc.a(libc_a-__atexit.o)
                0x08000258                __register_exitproc
 .text.run_state_machine
                0x080002d8       0x34 CMakeFiles/4100901-Mid_Term_Exam-24_2.dir/Src/main.c.obj
                0x080002d8                run_state_machine
 .text.handle_event
                0x0800030c       0x64 CMakeFiles/4100901-Mid_Term_Exam-24_2.dir/Src/main.c.obj
                0x0800030c                handle_event
 .text.main     0x08000370       0x60 CMakeFiles/4100901-Mid_Term_Exam-24_2.dir/Src/main.c.obj
                0x08000370                main
 .text.configure_gpio_for_usart
                0x080003d0       0x74 CMakeFiles/4100901-Mid_Term_Exam-24_2.dir/Src/gpio.c.obj
                0x080003d0                configure_gpio_for_usart
 .text.init_gpio_pin
                0x08000444       0x1c CMakeFiles/4100901-Mid_Term_Exam-24_2.dir/Src/gpio.c.obj
                0x08000444                init_gpio_pin
 .text.configure_gpio
                0x08000460       0x78 CMakeFiles/4100901-Mid_Term_Exam-24_2.dir/Src/gpio.c.obj
                0x08000460                configure_gpio
 .text.gpio_set_door_led_state
                0x080004d8       0x1e CMakeFiles/4100901-Mid_Term_Exam-24_2.dir/Src/gpio.c.obj
                0x080004d8                gpio_set_door_led_state
 .text.gpio_toggle_heartbeat_led
                0x080004f6        0xe CMakeFiles/4100901-Mid_Term_Exam-24_2.dir/Src/gpio.c.obj
                0x080004f6                gpio_toggle_heartbeat_led
 .text.button_driver_get_event
                0x08000504        0xc CMakeFiles/4100901-Mid_Term_Exam-24_2.dir/Src/gpio.c.obj
                0x08000504                button_driver_get_event
 .text.detect_button_press
                0x08000510       0x44 CMakeFiles/4100901-Mid_Term_Exam-24_2.dir/Src/gpio.c.obj
                0x08000510                detect_button_press
 .text.EXTI15_10_IRQHandler
                0x08000554       0x20 CMakeFiles/4100901-Mid_Term_Exam-24_2.dir/Src/gpio.c.obj
                0x08000554                EXTI15_10_IRQHandler
 .text.configure_systick_and_start
                0x08000574       0x14 CMakeFiles/4100901-Mid_Term_Exam-24_2.dir/Src/systick.c.obj
                0x08000574                configure_systick_and_start
 .text.systick_GetTick
                0x08000588        0xc CMakeFiles/4100901-Mid_Term_Exam-24_2.dir/Src/systick.c.obj
                0x08000588                systick_GetTick
 .text.systick_reset
                0x08000594        0xc CMakeFiles/4100901-Mid_Term_Exam-24_2.dir/Src/systick.c.obj
                0x08000594                systick_reset
 .text.SysTick_Handler
                0x080005a0       0x10 CMakeFiles/4100901-Mid_Term_Exam-24_2.dir/Src/systick.c.obj
                0x080005a0                SysTick_Handler
 .text.usart2_init
                0x080005b0       0x30 CMakeFiles/4100901-Mid_Term_Exam-24_2.dir/Src/uart.c.obj
                0x080005b0                usart2_init
 .text.usart2_send_string
                0x080005e0       0x20 CMakeFiles/4100901-Mid_Term_Exam-24_2.dir/Src/uart.c.obj
                0x080005e0                usart2_send_string
 .text.usart2_get_command
                0x08000600       0x10 CMakeFiles/4100901-Mid_Term_Exam-24_2.dir/Src/uart.c.obj
                0x08000600                usart2_get_command
 .text.USART2_IRQHandler
                0x08000610       0x34 CMakeFiles/4100901-Mid_Term_Exam-24_2.dir/Src/uart.c.obj
                0x08000610                USART2_IRQHandler
 .text.Reset_Handler
                0x08000644       0x50 CMakeFiles/4100901-Mid_Term_Exam-24_2.dir/Startup/startup_stm32l476rgtx.s.obj
                0x08000644                Reset_Handler
 .text.Default_Handler
                0x08000694        0x2 CMakeFiles/4100901-Mid_Term_Exam-24_2.dir/Startup/startup_stm32l476rgtx.s.obj
                0x08000694                EXTI2_IRQHandler
                0x08000694                TIM8_TRG_COM_IRQHandler
                0x08000694                TIM8_CC_IRQHandler
                0x08000694                DMA1_CH4_IRQHandler
                0x08000694                TIM1_CC_IRQHandler
                0x08000694                TSC_IRQHandler
                0x08000694                HardFault_Handler
                0x08000694                TAMP_STAMP_IRQHandler
                0x08000694                PendSV_Handler
                0x08000694                NMI_Handler
                0x08000694                EXTI3_IRQHandler
                0x08000694                LPTIM2_IRQHandler
                0x08000694                DFSDM1_FLT1_IRQHandler
                0x08000694                I2C3_ER_IRQHandler
                0x08000694                DFSDM1_FLT2_IRQHandler
                0x08000694                TIM6_DACUNDER_IRQHandler
                0x08000694                EXTI0_IRQHandler
                0x08000694                I2C2_EV_IRQHandler
                0x08000694                DMA2_CH1_IRQHandler
                0x08000694                CAN1_RX0_IRQHandler
                0x08000694                TIM1_UP_TIM16_IRQHandler
                0x08000694                DMA2_CH7_IRQHandler
                0x08000694                UsageFault_Handler
                0x08000694                ADC1_2_IRQHandler
                0x08000694                SPI1_IRQHandler
                0x08000694                DMA1_CH7_IRQHandler
                0x08000694                TIM8_UP_IRQHandler
                0x08000694                RTC_ALARM_IRQHandler
                0x08000694                SAI2_IRQHandler
                0x08000694                DFSDM1_FLT3_IRQHandler
                0x08000694                DMA1_CH6_IRQHandler
                0x08000694                USART3_IRQHandler
                0x08000694                CAN1_RX1_IRQHandler
                0x08000694                LCD_IRQHandler
                0x08000694                UART5_IRQHandler
                0x08000694                ADC3_IRQHandler
                0x08000694                TIM4_IRQHandler
                0x08000694                QUADSPI_IRQHandler
                0x08000694                I2C1_EV_IRQHandler
                0x08000694                DMA2_CH5_IRQHandler
                0x08000694                UART4_IRQHandler
                0x08000694                DMA1_CH3_IRQHandler
                0x08000694                TIM3_IRQHandler
                0x08000694                RCC_IRQHandler
                0x08000694                Default_Handler
                0x08000694                TIM7_IRQHandler
                0x08000694                SDMMC1_IRQHandler
                0x08000694                TIM5_IRQHandler
                0x08000694                I2C3_EV_IRQHandler
                0x08000694                EXTI9_5_IRQHandler
                0x08000694                DMA1_CH2_IRQHandler
                0x08000694                RTC_WKUP_IRQHandler
                0x08000694                PVD_PVM_IRQHandler
                0x08000694                SPI2_IRQHandler
                0x08000694                DMA1_CH1_IRQHandler
                0x08000694                MemManage_Handler
                0x08000694                CAN1_TX_IRQHandler
                0x08000694                SVC_Handler
                0x08000694                EXTI4_IRQHandler
                0x08000694                RNG_IRQHandler
                0x08000694                TIM1_TRG_COM_TIM17_IRQHandler
                0x08000694                COMP_IRQHandler
                0x08000694                WWDG_IRQHandler
                0x08000694                LPUART1_IRQHandler
                0x08000694                TIM2_IRQHandler
                0x08000694                EXTI1_IRQHandler
                0x08000694                AES_IRQHandler
                0x08000694                DFSDM1_FLT0_IRQHandler
                0x08000694                I2C2_ER_IRQHandler
                0x08000694                TIM8_BRK_IRQHandler
                0x08000694                CAN1_SCE_IRQHandler
                0x08000694                FLASH_IRQHandler
                0x08000694                BusFault_Handler
                0x08000694                USART1_IRQHandler
                0x08000694                OTG_FS_IRQHandler
                0x08000694                SPI3_IRQHandler
                0x08000694                DMA2_CH6_IRQHandler
                0x08000694                DMA2_CH3_IRQHandler
                0x08000694                DMA2_CH2_IRQHandler
                0x08000694                I2C1_ER_IRQHandler
                0x08000694                FMC_IRQHandler
                0x08000694                DMA1_CH5_IRQHandler
                0x08000694                DMA2_CH4_IRQHandler
                0x08000694                SWPMI1_IRQHandler
                0x08000694                LPTIM1_IRQHandler
                0x08000694                SAI1_IRQHandler
                0x08000694                TIM1_BRK_TIM15_IRQHandler
 *(.glue_7)
 .glue_7        0x08000696        0x0 linker stubs
 *(.glue_7t)
 .glue_7t       0x08000696        0x0 linker stubs
 *(.eh_frame)
 *fill*         0x08000696        0x2 
 .eh_frame      0x08000698        0x0 C:/ST/STM32CubeCLT_1.16.0/GNU-tools-for-STM32/bin/../lib/gcc/arm-none-eabi/12.3.1/thumb/v7e-m+fp/hard/crtbegin.o
 *(.init)
 .init          0x08000698        0x4 C:/ST/STM32CubeCLT_1.16.0/GNU-tools-for-STM32/bin/../lib/gcc/arm-none-eabi/12.3.1/thumb/v7e-m+fp/hard/crti.o
                0x08000698                _init
 .init          0x0800069c        0x8 C:/ST/STM32CubeCLT_1.16.0/GNU-tools-for-STM32/bin/../lib/gcc/arm-none-eabi/12.3.1/thumb/v7e-m+fp/hard/crtn.o
 *(.fini)
 .fini          0x080006a4        0x4 C:/ST/STM32CubeCLT_1.16.0/GNU-tools-for-STM32/bin/../lib/gcc/arm-none-eabi/12.3.1/thumb/v7e-m+fp/hard/crti.o
                0x080006a4                _fini
 .fini          0x080006a8        0x8 C:/ST/STM32CubeCLT_1.16.0/GNU-tools-for-STM32/bin/../lib/gcc/arm-none-eabi/12.3.1/thumb/v7e-m+fp/hard/crtn.o
                0x080006b0                        . = ALIGN (0x4)
                0x080006b0                        _etext = .

.vfp11_veneer   0x080006b0        0x0
 .vfp11_veneer  0x080006b0        0x0 linker stubs

.v4_bx          0x080006b0        0x0
 .v4_bx         0x080006b0        0x0 linker stubs

.iplt           0x080006b0        0x0
 .iplt          0x080006b0        0x0 C:/ST/STM32CubeCLT_1.16.0/GNU-tools-for-STM32/bin/../lib/gcc/arm-none-eabi/12.3.1/thumb/v7e-m+fp/hard/crtbegin.o

.rodata         0x080006b0       0x18
                0x080006b0                        . = ALIGN (0x4)
 *(.rodata)
 *(.rodata*)
 .rodata.main.str1.4
                0x080006b0       0x15 CMakeFiles/4100901-Mid_Term_Exam-24_2.dir/Src/main.c.obj
                0x080006c8                        . = ALIGN (0x4)
 *fill*         0x080006c5        0x3 

.ARM.extab      0x080006c8        0x0
                0x080006c8                        . = ALIGN (0x4)
 *(.ARM.extab* .gnu.linkonce.armextab.*)
                0x080006c8                        . = ALIGN (0x4)

.ARM            0x080006c8        0x0
                0x080006c8                        . = ALIGN (0x4)
                0x080006c8                        __exidx_start = .
 *(.ARM.exidx*)
                0x080006c8                        __exidx_end = .
                0x080006c8                        . = ALIGN (0x4)

.preinit_array  0x080006c8        0x0
                0x080006c8                        . = ALIGN (0x4)
                0x080006c8                        PROVIDE (__preinit_array_start = .)
 *(.preinit_array*)
                0x080006c8                        PROVIDE (__preinit_array_end = .)
                0x080006c8                        . = ALIGN (0x4)

.init_array     0x080006c8        0x8
                0x080006c8                        . = ALIGN (0x4)
                0x080006c8                        PROVIDE (__init_array_start = .)
 *(SORT_BY_NAME(.init_array.*))
 .init_array.00000
                0x080006c8        0x4 C:/ST/STM32CubeCLT_1.16.0/GNU-tools-for-STM32/bin/../lib/gcc/arm-none-eabi/12.3.1/../../../../arm-none-eabi/lib/thumb/v7e-m+fp/hard\libc.a(libc_a-__call_atexit.o)
 *(.init_array*)
 .init_array    0x080006cc        0x4 C:/ST/STM32CubeCLT_1.16.0/GNU-tools-for-STM32/bin/../lib/gcc/arm-none-eabi/12.3.1/thumb/v7e-m+fp/hard/crtbegin.o
                0x080006d0                        PROVIDE (__init_array_end = .)
                0x080006d0                        . = ALIGN (0x4)

.fini_array     0x080006d0        0x4
                0x080006d0                        . = ALIGN (0x4)
                0x080006d0                        PROVIDE (__fini_array_start = .)
 *(SORT_BY_NAME(.fini_array.*))
 *(.fini_array*)
 .fini_array    0x080006d0        0x4 C:/ST/STM32CubeCLT_1.16.0/GNU-tools-for-STM32/bin/../lib/gcc/arm-none-eabi/12.3.1/thumb/v7e-m+fp/hard/crtbegin.o
                0x080006d4                        PROVIDE (__fini_array_end = .)
                0x080006d4                        . = ALIGN (0x4)
                0x080006d4                        _sidata = LOADADDR (.data)

.rel.dyn        0x080006d4        0x0
 .rel.iplt      0x080006d4        0x0 C:/ST/STM32CubeCLT_1.16.0/GNU-tools-for-STM32/bin/../lib/gcc/arm-none-eabi/12.3.1/thumb/v7e-m+fp/hard/crtbegin.o

.data           0x20000000        0x4 load address 0x080006d4
                0x20000000                        . = ALIGN (0x4)
                0x20000000                        _sdata = .
 *(.data)
 *(.data*)
 .data.__atexit_recursive_mutex
                0x20000000        0x4 C:/ST/STM32CubeCLT_1.16.0/GNU-tools-for-STM32/bin/../lib/gcc/arm-none-eabi/12.3.1/../../../../arm-none-eabi/lib/thumb/v7e-m+fp/hard\libc.a(libc_a-__call_atexit.o)
                0x20000000                __atexit_recursive_mutex
 *(.RamFunc)
 *(.RamFunc*)
                0x20000004                        . = ALIGN (0x4)
                0x20000004                        _edata = .

.igot.plt       0x20000004        0x0 load address 0x080006d8
 .igot.plt      0x20000004        0x0 C:/ST/STM32CubeCLT_1.16.0/GNU-tools-for-STM32/bin/../lib/gcc/arm-none-eabi/12.3.1/thumb/v7e-m+fp/hard/crtbegin.o
                0x20000004                        . = ALIGN (0x4)

.bss            0x20000004      0x1cc load address 0x080006d8
                0x20000004                        _sbss = .
                0x20000004                        __bss_start__ = _sbss
 *(.bss)
 .bss           0x20000004       0x1c C:/ST/STM32CubeCLT_1.16.0/GNU-tools-for-STM32/bin/../lib/gcc/arm-none-eabi/12.3.1/thumb/v7e-m+fp/hard/crtbegin.o
 *(.bss*)
 .bss.__lock___atexit_recursive_mutex
                0x20000020        0x1 C:/ST/STM32CubeCLT_1.16.0/GNU-tools-for-STM32/bin/../lib/gcc/arm-none-eabi/12.3.1/../../../../arm-none-eabi/lib/thumb/v7e-m+fp/hard\libc.a(libc_a-lock.o)
                0x20000020                __lock___atexit_recursive_mutex
 *fill*         0x20000021        0x3 
 .bss.__atexit  0x20000024        0x4 C:/ST/STM32CubeCLT_1.16.0/GNU-tools-for-STM32/bin/../lib/gcc/arm-none-eabi/12.3.1/../../../../arm-none-eabi/lib/thumb/v7e-m+fp/hard\libc.a(libc_a-__call_atexit.o)
                0x20000024                __atexit
 .bss.__atexit0
                0x20000028      0x190 C:/ST/STM32CubeCLT_1.16.0/GNU-tools-for-STM32/bin/../lib/gcc/arm-none-eabi/12.3.1/../../../../arm-none-eabi/lib/thumb/v7e-m+fp/hard\libc.a(libc_a-__atexit.o)
                0x20000028                __atexit0
 .bss.unlock_timer
                0x200001b8        0x4 CMakeFiles/4100901-Mid_Term_Exam-24_2.dir/Src/main.c.obj
                0x200001b8                unlock_timer
 .bss.current_state
                0x200001bc        0x1 CMakeFiles/4100901-Mid_Term_Exam-24_2.dir/Src/main.c.obj
                0x200001bc                current_state
 *fill*         0x200001bd        0x3 
 .bss.b1_tick   0x200001c0        0x4 CMakeFiles/4100901-Mid_Term_Exam-24_2.dir/Src/gpio.c.obj
                0x200001c0                b1_tick
 .bss.button_pressed
                0x200001c4        0x1 CMakeFiles/4100901-Mid_Term_Exam-24_2.dir/Src/gpio.c.obj
                0x200001c4                button_pressed
 *fill*         0x200001c5        0x3 
 .bss.ms_counter
                0x200001c8        0x4 CMakeFiles/4100901-Mid_Term_Exam-24_2.dir/Src/systick.c.obj
                0x200001c8                ms_counter
 .bss.last_command
                0x200001cc        0x1 CMakeFiles/4100901-Mid_Term_Exam-24_2.dir/Src/uart.c.obj
 *(COMMON)
                0x200001d0                        . = ALIGN (0x4)
 *fill*         0x200001cd        0x3 
                0x200001d0                        _ebss = .
                0x200001d0                        __bss_end__ = _ebss

._user_heap_stack
                0x200001d0      0x600 load address 0x080006d8
                0x200001d0                        . = ALIGN (0x8)
                [!provide]                        PROVIDE (end = .)
                0x200001d0                        PROVIDE (_end = .)
                0x200003d0                        . = (. + _Min_Heap_Size)
 *fill*         0x200001d0      0x200 
                0x200007d0                        . = (. + _Min_Stack_Size)
 *fill*         0x200003d0      0x400 
                0x200007d0                        . = ALIGN (0x8)

/DISCARD/
 libc.a(*)
 libm.a(*)
 libgcc.a(*)

.ARM.attributes
                0x00000000       0x30
 *(.ARM.attributes)
 .ARM.attributes
                0x00000000       0x22 C:/ST/STM32CubeCLT_1.16.0/GNU-tools-for-STM32/bin/../lib/gcc/arm-none-eabi/12.3.1/thumb/v7e-m+fp/hard/crti.o
 .ARM.attributes
                0x00000022       0x34 C:/ST/STM32CubeCLT_1.16.0/GNU-tools-for-STM32/bin/../lib/gcc/arm-none-eabi/12.3.1/thumb/v7e-m+fp/hard/crtbegin.o
 .ARM.attributes
                0x00000056       0x34 C:/ST/STM32CubeCLT_1.16.0/GNU-tools-for-STM32/bin/../lib/gcc/arm-none-eabi/12.3.1/../../../../arm-none-eabi/lib/thumb/v7e-m+fp/hard\libc.a(libc_a-init.o)
 .ARM.attributes
                0x0000008a       0x34 C:/ST/STM32CubeCLT_1.16.0/GNU-tools-for-STM32/bin/../lib/gcc/arm-none-eabi/12.3.1/../../../../arm-none-eabi/lib/thumb/v7e-m+fp/hard\libc.a(libc_a-lock.o)
 .ARM.attributes
                0x000000be       0x34 C:/ST/STM32CubeCLT_1.16.0/GNU-tools-for-STM32/bin/../lib/gcc/arm-none-eabi/12.3.1/../../../../arm-none-eabi/lib/thumb/v7e-m+fp/hard\libc.a(libc_a-__call_atexit.o)
 .ARM.attributes
                0x000000f2       0x34 C:/ST/STM32CubeCLT_1.16.0/GNU-tools-for-STM32/bin/../lib/gcc/arm-none-eabi/12.3.1/../../../../arm-none-eabi/lib/thumb/v7e-m+fp/hard\libc.a(libc_a-atexit.o)
 .ARM.attributes
                0x00000126       0x34 C:/ST/STM32CubeCLT_1.16.0/GNU-tools-for-STM32/bin/../lib/gcc/arm-none-eabi/12.3.1/../../../../arm-none-eabi/lib/thumb/v7e-m+fp/hard\libc.a(libc_a-fini.o)
 .ARM.attributes
                0x0000015a       0x34 C:/ST/STM32CubeCLT_1.16.0/GNU-tools-for-STM32/bin/../lib/gcc/arm-none-eabi/12.3.1/../../../../arm-none-eabi/lib/thumb/v7e-m+fp/hard\libc.a(libc_a-__atexit.o)
 .ARM.attributes
                0x0000018e       0x34 CMakeFiles/4100901-Mid_Term_Exam-24_2.dir/Src/main.c.obj
 .ARM.attributes
                0x000001c2       0x34 CMakeFiles/4100901-Mid_Term_Exam-24_2.dir/Src/gpio.c.obj
 .ARM.attributes
                0x000001f6       0x34 CMakeFiles/4100901-Mid_Term_Exam-24_2.dir/Src/systick.c.obj
 .ARM.attributes
                0x0000022a       0x34 CMakeFiles/4100901-Mid_Term_Exam-24_2.dir/Src/uart.c.obj
 .ARM.attributes
                0x0000025e       0x21 CMakeFiles/4100901-Mid_Term_Exam-24_2.dir/Startup/startup_stm32l476rgtx.s.obj
 .ARM.attributes
                0x0000027f       0x22 C:/ST/STM32CubeCLT_1.16.0/GNU-tools-for-STM32/bin/../lib/gcc/arm-none-eabi/12.3.1/thumb/v7e-m+fp/hard/crtn.o
OUTPUT(4100901-Mid_Term_Exam-24_2.elf elf32-littlearm)
LOAD linker stubs
LOAD C:/ST/STM32CubeCLT_1.16.0/GNU-tools-for-STM32/bin/../lib/gcc/arm-none-eabi/12.3.1/../../../../arm-none-eabi/lib/thumb/v7e-m+fp/hard\libc.a
LOAD C:/ST/STM32CubeCLT_1.16.0/GNU-tools-for-STM32/bin/../lib/gcc/arm-none-eabi/12.3.1/../../../../arm-none-eabi/lib/thumb/v7e-m+fp/hard\libm.a
LOAD C:/ST/STM32CubeCLT_1.16.0/GNU-tools-for-STM32/bin/../lib/gcc/arm-none-eabi/12.3.1/thumb/v7e-m+fp/hard\libgcc.a

.debug_frame    0x00000000      0x380
 .debug_frame   0x00000000       0x2c C:/ST/STM32CubeCLT_1.16.0/GNU-tools-for-STM32/bin/../lib/gcc/arm-none-eabi/12.3.1/../../../../arm-none-eabi/lib/thumb/v7e-m+fp/hard\libc.a(libc_a-init.o)
 .debug_frame   0x0000002c       0xb0 C:/ST/STM32CubeCLT_1.16.0/GNU-tools-for-STM32/bin/../lib/gcc/arm-none-eabi/12.3.1/../../../../arm-none-eabi/lib/thumb/v7e-m+fp/hard\libc.a(libc_a-lock.o)
 .debug_frame   0x000000dc       0x58 C:/ST/STM32CubeCLT_1.16.0/GNU-tools-for-STM32/bin/../lib/gcc/arm-none-eabi/12.3.1/../../../../arm-none-eabi/lib/thumb/v7e-m+fp/hard\libc.a(libc_a-__call_atexit.o)
 .debug_frame   0x00000134       0x20 C:/ST/STM32CubeCLT_1.16.0/GNU-tools-for-STM32/bin/../lib/gcc/arm-none-eabi/12.3.1/../../../../arm-none-eabi/lib/thumb/v7e-m+fp/hard\libc.a(libc_a-atexit.o)
 .debug_frame   0x00000154       0x38 C:/ST/STM32CubeCLT_1.16.0/GNU-tools-for-STM32/bin/../lib/gcc/arm-none-eabi/12.3.1/../../../../arm-none-eabi/lib/thumb/v7e-m+fp/hard\libc.a(libc_a-fini.o)
 .debug_frame   0x0000018c       0x34 C:/ST/STM32CubeCLT_1.16.0/GNU-tools-for-STM32/bin/../lib/gcc/arm-none-eabi/12.3.1/../../../../arm-none-eabi/lib/thumb/v7e-m+fp/hard\libc.a(libc_a-__atexit.o)
 .debug_frame   0x000001c0       0x58 CMakeFiles/4100901-Mid_Term_Exam-24_2.dir/Src/main.c.obj
 .debug_frame   0x00000218       0xa8 CMakeFiles/4100901-Mid_Term_Exam-24_2.dir/Src/gpio.c.obj
 .debug_frame   0x000002c0       0x50 CMakeFiles/4100901-Mid_Term_Exam-24_2.dir/Src/systick.c.obj
 .debug_frame   0x00000310       0x70 CMakeFiles/4100901-Mid_Term_Exam-24_2.dir/Src/uart.c.obj

.debug_info     0x00000000      0xc3c
 .debug_info    0x00000000      0x332 CMakeFiles/4100901-Mid_Term_Exam-24_2.dir/Src/main.c.obj
 .debug_info    0x00000332      0x3b1 CMakeFiles/4100901-Mid_Term_Exam-24_2.dir/Src/gpio.c.obj
 .debug_info    0x000006e3      0x12a CMakeFiles/4100901-Mid_Term_Exam-24_2.dir/Src/systick.c.obj
 .debug_info    0x0000080d      0x3ff CMakeFiles/4100901-Mid_Term_Exam-24_2.dir/Src/uart.c.obj
 .debug_info    0x00000c0c       0x30 CMakeFiles/4100901-Mid_Term_Exam-24_2.dir/Startup/startup_stm32l476rgtx.s.obj

.debug_abbrev   0x00000000      0x59d
 .debug_abbrev  0x00000000      0x16d CMakeFiles/4100901-Mid_Term_Exam-24_2.dir/Src/main.c.obj
 .debug_abbrev  0x0000016d      0x167 CMakeFiles/4100901-Mid_Term_Exam-24_2.dir/Src/gpio.c.obj
 .debug_abbrev  0x000002d4       0xbe CMakeFiles/4100901-Mid_Term_Exam-24_2.dir/Src/systick.c.obj
 .debug_abbrev  0x00000392      0x1e7 CMakeFiles/4100901-Mid_Term_Exam-24_2.dir/Src/uart.c.obj
 .debug_abbrev  0x00000579       0x24 CMakeFiles/4100901-Mid_Term_Exam-24_2.dir/Startup/startup_stm32l476rgtx.s.obj

.debug_loclists
                0x00000000      0x159
 .debug_loclists
                0x00000000       0xba CMakeFiles/4100901-Mid_Term_Exam-24_2.dir/Src/main.c.obj
 .debug_loclists
                0x000000ba       0x3a CMakeFiles/4100901-Mid_Term_Exam-24_2.dir/Src/gpio.c.obj
 .debug_loclists
                0x000000f4       0x65 CMakeFiles/4100901-Mid_Term_Exam-24_2.dir/Src/uart.c.obj

.debug_aranges  0x00000000      0x128
 .debug_aranges
                0x00000000       0x30 CMakeFiles/4100901-Mid_Term_Exam-24_2.dir/Src/main.c.obj
 .debug_aranges
                0x00000030       0x58 CMakeFiles/4100901-Mid_Term_Exam-24_2.dir/Src/gpio.c.obj
 .debug_aranges
                0x00000088       0x38 CMakeFiles/4100901-Mid_Term_Exam-24_2.dir/Src/systick.c.obj
 .debug_aranges
                0x000000c0       0x40 CMakeFiles/4100901-Mid_Term_Exam-24_2.dir/Src/uart.c.obj
 .debug_aranges
                0x00000100       0x28 CMakeFiles/4100901-Mid_Term_Exam-24_2.dir/Startup/startup_stm32l476rgtx.s.obj

.debug_rnglists
                0x00000000       0xdd
 .debug_rnglists
                0x00000000       0x2b CMakeFiles/4100901-Mid_Term_Exam-24_2.dir/Src/main.c.obj
 .debug_rnglists
                0x0000002b       0x3d CMakeFiles/4100901-Mid_Term_Exam-24_2.dir/Src/gpio.c.obj
 .debug_rnglists
                0x00000068       0x25 CMakeFiles/4100901-Mid_Term_Exam-24_2.dir/Src/systick.c.obj
 .debug_rnglists
                0x0000008d       0x37 CMakeFiles/4100901-Mid_Term_Exam-24_2.dir/Src/uart.c.obj
 .debug_rnglists
                0x000000c4       0x19 CMakeFiles/4100901-Mid_Term_Exam-24_2.dir/Startup/startup_stm32l476rgtx.s.obj

.debug_macro    0x00000000     0x121d
 .debug_macro   0x00000000       0x80 CMakeFiles/4100901-Mid_Term_Exam-24_2.dir/Src/main.c.obj
 .debug_macro   0x00000080      0xaa8 CMakeFiles/4100901-Mid_Term_Exam-24_2.dir/Src/main.c.obj
 .debug_macro   0x00000b28       0x22 CMakeFiles/4100901-Mid_Term_Exam-24_2.dir/Src/main.c.obj
 .debug_macro   0x00000b4a       0x8e CMakeFiles/4100901-Mid_Term_Exam-24_2.dir/Src/main.c.obj
 .debug_macro   0x00000bd8       0x51 CMakeFiles/4100901-Mid_Term_Exam-24_2.dir/Src/main.c.obj
 .debug_macro   0x00000c29      0x103 CMakeFiles/4100901-Mid_Term_Exam-24_2.dir/Src/main.c.obj
 .debug_macro   0x00000d2c       0x6a CMakeFiles/4100901-Mid_Term_Exam-24_2.dir/Src/main.c.obj
 .debug_macro   0x00000d96      0x1df CMakeFiles/4100901-Mid_Term_Exam-24_2.dir/Src/main.c.obj
 .debug_macro   0x00000f75       0x64 CMakeFiles/4100901-Mid_Term_Exam-24_2.dir/Src/main.c.obj
 .debug_macro   0x00000fd9       0xbc CMakeFiles/4100901-Mid_Term_Exam-24_2.dir/Src/gpio.c.obj
 .debug_macro   0x00001095       0x2e CMakeFiles/4100901-Mid_Term_Exam-24_2.dir/Src/gpio.c.obj
 .debug_macro   0x000010c3       0x6d CMakeFiles/4100901-Mid_Term_Exam-24_2.dir/Src/systick.c.obj
 .debug_macro   0x00001130       0x8f CMakeFiles/4100901-Mid_Term_Exam-24_2.dir/Src/uart.c.obj
 .debug_macro   0x000011bf       0x5e CMakeFiles/4100901-Mid_Term_Exam-24_2.dir/Src/uart.c.obj

.debug_line     0x00000000     0x1172
 .debug_line    0x00000000      0x40b CMakeFiles/4100901-Mid_Term_Exam-24_2.dir/Src/main.c.obj
 .debug_line    0x0000040b      0x511 CMakeFiles/4100901-Mid_Term_Exam-24_2.dir/Src/gpio.c.obj
 .debug_line    0x0000091c      0x358 CMakeFiles/4100901-Mid_Term_Exam-24_2.dir/Src/systick.c.obj
 .debug_line    0x00000c74      0x483 CMakeFiles/4100901-Mid_Term_Exam-24_2.dir/Src/uart.c.obj
 .debug_line    0x000010f7       0x7b CMakeFiles/4100901-Mid_Term_Exam-24_2.dir/Startup/startup_stm32l476rgtx.s.obj

.debug_str      0x00000000     0x4473
 .debug_str     0x00000000     0x3efd CMakeFiles/4100901-Mid_Term_Exam-24_2.dir/Src/main.c.obj
                               0x406f (size before relaxing)
 .debug_str     0x00003efd      0x32c CMakeFiles/4100901-Mid_Term_Exam-24_2.dir/Src/gpio.c.obj
                               0x409f (size before relaxing)
 .debug_str     0x00004229       0x8e CMakeFiles/4100901-Mid_Term_Exam-24_2.dir/Src/systick.c.obj
                               0x3db3 (size before relaxing)
 .debug_str     0x000042b7      0x147 CMakeFiles/4100901-Mid_Term_Exam-24_2.dir/Src/uart.c.obj
                               0x4138 (size before relaxing)
 .debug_str     0x000043fe       0x75 CMakeFiles/4100901-Mid_Term_Exam-24_2.dir/Startup/startup_stm32l476rgtx.s.obj
                                 0xba (size before relaxing)

.comment        0x00000000       0x43
 .comment       0x00000000       0x43 CMakeFiles/4100901-Mid_Term_Exam-24_2.dir/Src/main.c.obj
                                 0x44 (size before relaxing)
 .comment       0x00000043       0x44 CMakeFiles/4100901-Mid_Term_Exam-24_2.dir/Src/gpio.c.obj
 .comment       0x00000043       0x44 CMakeFiles/4100901-Mid_Term_Exam-24_2.dir/Src/systick.c.obj
 .comment       0x00000043       0x44 CMakeFiles/4100901-Mid_Term_Exam-24_2.dir/Src/uart.c.obj

.debug_line_str
                0x00000000       0x9e
 .debug_line_str
                0x00000000       0x9e CMakeFiles/4100901-Mid_Term_Exam-24_2.dir/Startup/startup_stm32l476rgtx.s.obj
